Expanded G3 profile matrix-rtt-0...
Expanded G3 profile matrix-rtt-50...
Expanded G3 profile matrix-rtt-100...
Expanded G3 profile matrix-rtt-200...
Expanded G3 profile matrix-rtt-350...
Expanded G3 profile matrix-jitter-15...
Expanded G3 profile matrix-jitter-50...
Expanded G3 profile matrix-loss-1...
Expanded G3 profile matrix-loss-3...
Expanded G3 profile matrix-loss-8...
Expanded G3 profile matrix-duplicate-1...
Expanded G3 profile matrix-duplicate-5...
Expanded G3 profile matrix-targeted-reorder...
Expanded G3 profile matrix-outage-recovery...
Expanded G3 render-rate sweep...
Expanded G3 lifecycle sweep...
node:internal/modules/run_main:107
    triggerUncaughtException(
    ^

page.evaluate: Error: Timed out waiting for input-independent tick advance: welcome,joinAccepted,fullSnapshot
    at waitFor (eval at evaluate (:303:30), <anonymous>:28:15)
    at async eval (eval at evaluate (:303:30), <anonymous>:55:32)
    at async <anonymous>:329:30
    at captureLifecycle (C:\AI Projects\Projects\Games\evio\evio-repo\tools\evidence\capture-phase4-g3-expanded.mjs:686:31)
    at async main (C:\AI Projects\Projects\Games\evio\evio-repo\tools\evidence\capture-phase4-g3-expanded.mjs:1440:23)
    at async file:///C:/AI%20Projects/Projects/Games/evio/evio-repo/tools/evidence/capture-phase4-g3-expanded.mjs:1587:1 {
  log: []
}

Node.js v24.14.0
