Expanded G3 profile matrix-rtt-0...
Expanded G3 profile matrix-rtt-50...
Expanded G3 profile matrix-rtt-100...
Expanded G3 profile matrix-rtt-200...
Expanded G3 profile matrix-rtt-350...
Expanded G3 profile matrix-jitter-15...
Expanded G3 profile matrix-jitter-50...
Expanded G3 profile matrix-loss-1...
Expanded G3 profile matrix-loss-3...
Expanded G3 profile matrix-loss-8...
Expanded G3 profile matrix-duplicate-1...
Expanded G3 profile matrix-duplicate-5...
Expanded G3 profile matrix-targeted-reorder...
Expanded G3 profile matrix-outage-recovery...
Expanded G3 render-rate sweep...
Expanded G3 lifecycle sweep...
Expanded G3 real-refresh resume...
Expanded G3 abuse sweep...
node:internal/modules/run_main:107
    triggerUncaughtException(
    ^

page.evaluate: Error: abuse queue flood bounded rejection: welcome,joinAccepted,fullSnapshot,inputAck,inputAck,fullSnapshot,inputAck,inputAck,fullSnapshot,inputAck,inputAck,fullSnapshot,error,inputAck,inputAck,fullSnapshot,error,inputAck,error,error,inputAck,fullSnapshot,inputAck,inputAck,fullSnapshot,inputAck,inputAck,fullSnapshot,inputAck,inputAck,fullSnapshot,inputAck,inputAck,fullSnapshot,inputAck,inputAck,fullSnapshot,inputAck,inputAck,fullSnapshot,inputAck,inputAck,fullSnapshot,inputAck,inputAck,fullSnapshot,inputAck,inputAck,fullSnapshot,inputAck,inputAck,fullSnapshot,inputAck,inputAck,fullSnapshot,inputAck,inputAck,fullSnapshot,inputAck,inputAck,fullSnapshot,inputAck,inputAck,fullSnapshot,inputAck,inputAck,fullSnapshot,inputAck,inputAck,fullSnapshot,inputAck,inputAck,fullSnapshot,inputAck,inputAck,fullSnapshot,inputAck,inputAck,fullSnapshot,inputAck,inputAck,fullSnapshot,inputAck,inputAck,fullSnapshot,inputAck,inputAck,fullSnapshot,inputAck,inputAck,fullSnapshot,inputAck,inputAck,fullSnapshot,inputAck,inputAck,fullSnapshot,inputAck,inputAck,fullSnapshot,inputAck,inputAck,fullSnapshot,inputAck,inputAck,fullSnapshot,inputAck,inputAck,fullSnapshot,inputAck,inputAck,fullSnapshot,inputAck,inputAck,fullSnapshot,inputAck,inputAck,fullSnapshot,inputAck,inputAck,fullSnapshot,inputAck,inputAck,fullSnapshot,inputAck,inputAck,fullSnapshot,inputAck,inputAck,fullSnapshot,inputAck,inputAck,fullSnapshot,inputAck,inputAck,fullSnapshot,inputAck,inputAck,fullSnapshot,inputAck,inputAck,fullSnapshot,inputAck,inputAck,fullSnapshot,inputAck,inputAck,fullSnapshot,inputAck,inputAck,fullSnapshot,inputAck,inputAck,fullSnapshot,inputAck,inputAck,fullSnapshot,inputAck,inputAck,fullSnapshot,inputAck,inputAck,fullSnapshot,inputAck,inputAck,fullSnapshot,inputAck,inputAck,fullSnapshot,inputAck,inputAck,fullSnapshot,inputAck,inputAck,fullSnapshot,inputAck,inputAck,fullSnapshot,inputAck,inputAck,fullSnapshot,inputAck,inputAck,fullSnapshot,inputAck,inputAck,fullSnapshot,inputAck,inputAck,fullSnapshot,inputAck,inputAck,fullSnapshot,inputAck,inputAck,fullSnapshot,inputAck,inputAck,fullSnapshot,inputAck,inputAck,fullSnapshot,inputAck,inputAck,fullSnapshot,inputAck,inputAck,fullSnapshot,inputAck,inputAck,fullSnapshot,inputAck,inputAck,fullSnapshot,inputAck,inputAck,fullSnapshot,inputAck,inputAck,fullSnapshot,inputAck,inputAck,fullSnapshot,inputAck,inputAck,fullSnapshot,inputAck,inputAck,fullSnapshot,inputAck,inputAck,fullSnapshot,inputAck,inputAck,fullSnapshot,inputAck,inputAck,fullSnapshot,inputAck,inputAck,fullSnapshot,inputAck,inputAck,fullSnapshot,inputAck,inputAck,fullSnapshot,inputAck,inputAck,fullSnapshot,inputAck,inputAck,fullSnapshot,inputAck,inputAck,fullSnapshot,inputAck,inputAck,fullSnapshot,inputAck,inputAck,fullSnapshot,inputAck,inputAck,fullSnapshot,inputAck,inputAck,fullSnapshot,inputAck,inputAck,fullSnapshot,inputAck,inputAck,fullSnapshot,inputAck,inputAck,fullSnapshot,inputAck,inputAck,fullSnapshot,inputAck,inputAck,fullSnapshot,inputAck,inputAck,fullSnapshot,inputAck,inputAck,fullSnapshot,inputAck,inputAck,fullSnapshot,inputAck,inputAck,fullSnapshot,inputAck,inputAck,fullSnapshot,inputAck,inputAck,fullSnapshot,inputAck,inputAck,fullSnapshot,inputAck,inputAck,fullSnapshot,inputAck,inputAck,fullSnapshot,inputAck,inputAck,fullSnapshot,inputAck,inputAck,fullSnapshot,inputAck,inputAck,fullSnapshot,inputAck
    at waitFor (eval at evaluate (:303:30), <anonymous>:24:15)
    at async eval (eval at evaluate (:303:30), <anonymous>:154:26)
    at async <anonymous>:329:30
    at captureAbuse (C:\AI Projects\Projects\Games\evio\evio-repo\tools\evidence\capture-phase4-g3-expanded.mjs:1138:31)
    at async main (C:\AI Projects\Projects\Games\evio\evio-repo\tools\evidence\capture-phase4-g3-expanded.mjs:1451:19)
    at async file:///C:/AI%20Projects/Projects/Games/evio/evio-repo/tools/evidence/capture-phase4-g3-expanded.mjs:1594:1 {
  log: []
}

Node.js v24.14.0
