00:01.313  blend            | Read blend: "C:\AI Projects\Projects\Games\evio\evio-repo\assets\source\maps\inkfall-foundry\art-kit\press-hall-final-art-v3\checkpoint-v3-1\source\inkfall_foundry_press_hall_hero_checkpoint_v3_1.blend"
C:\AI Projects\Projects\Games\evio\evio-repo\assets\source\maps\inkfall-foundry\art-kit\press-hall-final-art-v3\build_press_hall_final_art_v3.py:336: DeprecationWarning: 'World.use_nodes' is expected to be removed in Blender 6.0
  scene.world.use_nodes = True
00:11.328  render           | Saved: 'C:\AI Projects\Projects\Games\evio\evio-repo\assets\source\maps\inkfall-foundry\art-kit\press-hall-final-art-v3\final\renders\inkfall-press-hall-v3-gameplay_lane.png'
00:11.703  render           | Saved: 'C:\AI Projects\Projects\Games\evio\evio-repo\assets\source\maps\inkfall-foundry\art-kit\press-hall-final-art-v3\final\renders\inkfall-press-hall-v3-north_hero.png'
00:12.031  render           | Saved: 'C:\AI Projects\Projects\Games\evio\evio-repo\assets\source\maps\inkfall-foundry\art-kit\press-hall-final-art-v3\final\renders\inkfall-press-hall-v3-north_force_path.png'
00:12.391  render           | Saved: 'C:\AI Projects\Projects\Games\evio\evio-repo\assets\source\maps\inkfall-foundry\art-kit\press-hall-final-art-v3\final\renders\inkfall-press-hall-v3-south_hero.png'
00:12.781  render           | Saved: 'C:\AI Projects\Projects\Games\evio\evio-repo\assets\source\maps\inkfall-foundry\art-kit\press-hall-final-art-v3\final\renders\inkfall-press-hall-v3-south_tension.png'
00:13.156  render           | Saved: 'C:\AI Projects\Projects\Games\evio\evio-repo\assets\source\maps\inkfall-foundry\art-kit\press-hall-final-art-v3\final\renders\inkfall-press-hall-v3-baffle_detail.png'
00:13.531  render           | Saved: 'C:\AI Projects\Projects\Games\evio\evio-repo\assets\source\maps\inkfall-foundry\art-kit\press-hall-final-art-v3\final\renders\inkfall-press-hall-v3-cover_detail.png'
00:13.922  render           | Saved: 'C:\AI Projects\Projects\Games\evio\evio-repo\assets\source\maps\inkfall-foundry\art-kit\press-hall-final-art-v3\final\renders\inkfall-press-hall-v3-overhead_context.png'
Info: Saved as "inkfall_foundry_press_hall_final_art_v3.blend"
Info: Saved as "inkfall_foundry_press_hall_final_art_v3.blend"
INFO Draco mesh compression is available, use library at C:\Program Files\Blender Foundation\Blender 5.1\5.1\scripts\addons_core\io_scene_gltf2\extern_draco.dll
06:46:58 | INFO: Starting glTF 2.0 export
06:46:58 | INFO: Extracting primitive: Cube
06:46:58 | INFO: Primitives created: 1
06:46:58 | INFO: Extracting primitive: Cube.001
06:46:58 | INFO: Primitives created: 1
06:46:58 | INFO: Extracting primitive: Cube.003
06:46:58 | INFO: Primitives created: 1
06:46:58 | INFO: Extracting primitive: Cube.004
06:46:58 | INFO: Primitives created: 1
06:46:58 | INFO: Extracting primitive: Cube.005
06:46:58 | INFO: Primitives created: 1
06:46:58 | INFO: Extracting primitive: Cube.006
06:46:58 | INFO: Primitives created: 1
06:46:58 | INFO: Extracting primitive: Cube.007
06:46:58 | INFO: Primitives created: 1
06:46:58 | INFO: Extracting primitive: Cube.008
06:46:58 | INFO: Primitives created: 1
06:46:58 | INFO: Extracting primitive: Cube.009
06:46:58 | INFO: Primitives created: 1
06:46:58 | INFO: Extracting primitive: Cube.010
06:46:58 | INFO: Primitives created: 1
06:46:58 | INFO: Extracting primitive: Cube.011
06:46:58 | INFO: Primitives created: 1
06:46:58 | INFO: Extracting primitive: Cube.013
06:46:58 | INFO: Primitives created: 1
06:46:58 | INFO: Extracting primitive: Cube.014
06:46:58 | INFO: Primitives created: 1
06:46:58 | INFO: Extracting primitive: Cube.016
06:46:58 | INFO: Primitives created: 1
06:46:58 | INFO: Extracting primitive: Cube.017
06:46:58 | INFO: Primitives created: 1
06:46:58 | INFO: Extracting primitive: Cube.018
06:46:58 | INFO: Primitives created: 1
06:46:58 | INFO: Extracting primitive: Cube.019
06:46:58 | INFO: Primitives created: 1
06:46:58 | INFO: Extracting primitive: Cube.020
06:46:58 | INFO: Primitives created: 1
06:46:58 | INFO: Extracting primitive: Cube.021
06:46:58 | INFO: Primitives created: 1
06:46:58 | INFO: Extracting primitive: Cube.022
06:46:58 | INFO: Primitives created: 1
06:46:58 | INFO: Extracting primitive: Cube.023
06:46:58 | INFO: Primitives created: 1
06:46:58 | INFO: Extracting primitive: Cube.024
06:46:58 | INFO: Primitives created: 1
06:46:58 | INFO: Extracting primitive: Cube.025
06:46:58 | INFO: Primitives created: 1
06:46:58 | INFO: Extracting primitive: Cube.026
06:46:58 | INFO: Primitives created: 1
06:46:58 | INFO: Extracting primitive: Cube.028
06:46:58 | INFO: Primitives created: 1
06:46:58 | INFO: Extracting primitive: Cube.029
06:46:58 | INFO: Primitives created: 1
06:46:58 | INFO: Extracting primitive: Cube.030
06:46:58 | INFO: Primitives created: 1
06:46:58 | INFO: Extracting primitive: Cube.031
06:46:58 | INFO: Primitives created: 1
06:46:58 | INFO: Extracting primitive: Cube.032
06:46:58 | INFO: Primitives created: 1
06:46:58 | INFO: Extracting primitive: Cube.033
06:46:58 | INFO: Primitives created: 1
06:46:58 | INFO: Extracting primitive: Cube.034
06:46:58 | INFO: Primitives created: 1
06:46:58 | INFO: Extracting primitive: Cube.035
06:46:58 | INFO: Primitives created: 1
06:46:58 | INFO: Extracting primitive: Cube.036
06:46:58 | INFO: Primitives created: 1
06:46:58 | INFO: Extracting primitive: Cube.037
06:46:58 | INFO: Primitives created: 1
06:46:58 | INFO: Extracting primitive: Cube.038
06:46:58 | INFO: Primitives created: 1
06:46:58 | INFO: Extracting primitive: Cube.040
06:46:58 | INFO: Primitives created: 1
06:46:58 | INFO: Extracting primitive: Cube.041
06:46:58 | INFO: Primitives created: 1
06:46:58 | INFO: Extracting primitive: Cube.043
06:46:58 | INFO: Primitives created: 1
06:46:58 | INFO: Extracting primitive: Cube.044
06:46:58 | INFO: Primitives created: 1
06:46:58 | INFO: Extracting primitive: Cube.045
06:46:58 | INFO: Primitives created: 1
06:46:58 | INFO: Extracting primitive: Cube.046
06:46:58 | INFO: Primitives created: 1
06:46:58 | INFO: Extracting primitive: Cube.047
06:46:58 | INFO: Primitives created: 1
06:46:58 | INFO: Extracting primitive: Cube.048
06:46:58 | INFO: Primitives created: 1
06:46:58 | INFO: Extracting primitive: Cube.049
06:46:58 | INFO: Primitives created: 1
06:46:58 | INFO: Extracting primitive: Cube.050
06:46:58 | INFO: Primitives created: 1
06:46:58 | INFO: Extracting primitive: Cube.051
06:46:58 | INFO: Primitives created: 1
06:46:58 | INFO: Extracting primitive: Cube.053
06:46:58 | INFO: Primitives created: 1
06:46:58 | INFO: Extracting primitive: Cube.054
06:46:58 | INFO: Primitives created: 1
06:46:58 | INFO: Extracting primitive: Cube.056
06:46:58 | INFO: Primitives created: 1
06:46:58 | INFO: Extracting primitive: Cube.057
06:46:58 | INFO: Primitives created: 1
06:46:58 | INFO: Extracting primitive: Cube.058
06:46:58 | INFO: Primitives created: 1
06:46:58 | INFO: Extracting primitive: Cube.059
06:46:58 | INFO: Primitives created: 1
06:46:58 | INFO: Extracting primitive: Cube.060
06:46:58 | INFO: Primitives created: 1
06:46:58 | INFO: Extracting primitive: Cube.061
06:46:58 | INFO: Primitives created: 1
06:46:58 | INFO: Extracting primitive: Cube.062
06:46:58 | INFO: Primitives created: 1
06:46:58 | INFO: Extracting primitive: Cube.063
06:46:58 | INFO: Primitives created: 1
06:46:58 | INFO: Extracting primitive: Cube.064
06:46:58 | INFO: Primitives created: 1
06:46:58 | INFO: Extracting primitive: Cube.065
06:46:58 | INFO: Primitives created: 1
06:46:58 | INFO: Extracting primitive: Cube.066
06:46:58 | INFO: Primitives created: 1
06:46:58 | INFO: Extracting primitive: Cube.067
06:46:58 | INFO: Primitives created: 1
06:46:58 | INFO: Extracting primitive: Cube.068
06:46:58 | INFO: Primitives created: 1
06:46:58 | INFO: Extracting primitive: Cube.069
06:46:58 | INFO: Primitives created: 1
06:46:58 | INFO: Extracting primitive: Cube.070
06:46:58 | INFO: Primitives created: 1
06:46:58 | INFO: Extracting primitive: Cube.071
06:46:58 | INFO: Primitives created: 1
06:46:58 | INFO: Extracting primitive: Cube.072
06:46:58 | INFO: Primitives created: 1
06:46:58 | INFO: Extracting primitive: Cube.075
06:46:58 | INFO: Primitives created: 1
06:46:58 | INFO: Extracting primitive: Cube.076
06:46:58 | INFO: Primitives created: 1
06:46:58 | INFO: Extracting primitive: Cube.079
06:46:58 | INFO: Primitives created: 1
06:46:58 | INFO: Extracting primitive: Cube.080
06:46:58 | INFO: Primitives created: 1
06:46:58 | INFO: Extracting primitive: Cube.083
06:46:58 | INFO: Primitives created: 1
06:46:58 | INFO: Extracting primitive: Cube.084
06:46:58 | INFO: Primitives created: 1
06:46:58 | INFO: Extracting primitive: Cube.087
06:46:58 | INFO: Primitives created: 1
06:46:58 | INFO: Extracting primitive: Cube.088
06:46:58 | INFO: Primitives created: 1
06:46:58 | INFO: Extracting primitive: Cube.091
06:46:58 | INFO: Primitives created: 1
06:46:58 | INFO: Extracting primitive: Cube.092
06:46:58 | INFO: Primitives created: 1
06:46:58 | INFO: Extracting primitive: Cube.095
06:46:58 | INFO: Primitives created: 1
06:46:58 | INFO: Extracting primitive: Cube.096
06:46:58 | INFO: Primitives created: 1
06:46:58 | INFO: Extracting primitive: Cube.099
06:46:58 | INFO: Primitives created: 1
06:46:58 | INFO: Extracting primitive: Cube.100
06:46:58 | INFO: Primitives created: 1
06:46:58 | INFO: Extracting primitive: Cube.103
06:46:58 | INFO: Primitives created: 1
06:46:58 | INFO: Extracting primitive: Cube.104
06:46:58 | INFO: Primitives created: 1
06:46:58 | INFO: Extracting primitive: Cube.107
06:46:58 | INFO: Primitives created: 1
06:46:58 | INFO: Extracting primitive: Cube.108
06:46:58 | INFO: Primitives created: 1
06:46:58 | INFO: Extracting primitive: Cube.111
06:46:58 | INFO: Primitives created: 1
06:46:58 | INFO: Extracting primitive: Cube.112
06:46:58 | INFO: Primitives created: 1
06:46:58 | INFO: Extracting primitive: Cube.115
06:46:58 | INFO: Primitives created: 1
06:46:58 | INFO: Extracting primitive: Cube.116
06:46:58 | INFO: Primitives created: 1
06:46:58 | INFO: Extracting primitive: Cube.119
06:46:58 | INFO: Primitives created: 1
06:46:58 | INFO: Extracting primitive: Cube.120
06:46:58 | INFO: Primitives created: 1
06:46:58 | INFO: Extracting primitive: Cube.123
06:46:58 | INFO: Primitives created: 1
06:46:58 | INFO: Extracting primitive: Cube.124
06:46:58 | INFO: Primitives created: 1
06:46:58 | INFO: Extracting primitive: Cube.127
06:46:58 | INFO: Primitives created: 1
06:46:58 | INFO: Extracting primitive: Cube.128
06:46:58 | INFO: Primitives created: 1
06:46:58 | INFO: Extracting primitive: Cube.131
06:46:58 | INFO: Primitives created: 1
06:46:58 | INFO: Extracting primitive: Cube.132
06:46:58 | INFO: Primitives created: 1
06:46:58 | INFO: Extracting primitive: Cube.135
06:46:58 | INFO: Primitives created: 1
06:46:58 | INFO: Extracting primitive: Cube.136
06:46:58 | INFO: Primitives created: 1
06:46:58 | INFO: Extracting primitive: Cube.137
06:46:58 | INFO: Primitives created: 1
06:46:58 | INFO: Extracting primitive: Cube.138
06:46:58 | INFO: Primitives created: 1
06:46:58 | INFO: Extracting primitive: Cube.139
06:46:58 | INFO: Primitives created: 1
06:46:58 | INFO: Extracting primitive: Cube.140
06:46:58 | INFO: Primitives created: 1
06:46:58 | INFO: Extracting primitive: Cube.141
06:46:58 | INFO: Primitives created: 1
06:46:58 | INFO: Extracting primitive: Cube.143
06:46:58 | INFO: Primitives created: 1
06:46:58 | INFO: Extracting primitive: Cube.144
06:46:58 | INFO: Primitives created: 1
06:46:58 | INFO: Extracting primitive: Cube.145
06:46:58 | INFO: Primitives created: 1
06:46:58 | INFO: Extracting primitive: Cube.146
06:46:58 | INFO: Primitives created: 1
06:46:58 | INFO: Extracting primitive: Cube.147
06:46:58 | INFO: Primitives created: 1
06:46:58 | INFO: Extracting primitive: Cube.148
06:46:58 | INFO: Primitives created: 1
06:46:58 | INFO: Extracting primitive: Cube.149
06:46:58 | INFO: Primitives created: 1
06:46:58 | INFO: Extracting primitive: Cube.151
06:46:58 | INFO: Primitives created: 1
06:46:58 | INFO: Extracting primitive: Cube.153
06:46:58 | INFO: Primitives created: 1
06:46:58 | INFO: Extracting primitive: Cube.155
06:46:58 | INFO: Primitives created: 1
06:46:58 | INFO: Extracting primitive: Cube.159
06:46:58 | INFO: Primitives created: 1
06:46:58 | INFO: Extracting primitive: Cube.161
06:46:58 | INFO: Primitives created: 1
06:46:58 | INFO: Extracting primitive: Cube.163
06:46:58 | INFO: Primitives created: 1
06:46:58 | INFO: Extracting primitive: Cube.167
06:46:58 | INFO: Primitives created: 1
06:46:58 | INFO: Extracting primitive: Cube.169
06:46:58 | INFO: Primitives created: 1
06:46:58 | INFO: Extracting primitive: Cube.171
06:46:58 | INFO: Primitives created: 1
06:46:58 | INFO: Extracting primitive: Cube.175
06:46:58 | INFO: Primitives created: 1
06:46:58 | INFO: Extracting primitive: Cube.177
06:46:58 | INFO: Primitives created: 1
06:46:58 | INFO: Extracting primitive: Cube.179
06:46:58 | INFO: Primitives created: 1
06:46:58 | INFO: Extracting primitive: Cube.183
06:46:58 | INFO: Primitives created: 1
06:46:58 | INFO: Extracting primitive: Cube.185
06:46:58 | INFO: Primitives created: 1
06:46:58 | INFO: Extracting primitive: Cube.187
06:46:58 | INFO: Primitives created: 1
06:46:58 | INFO: Extracting primitive: Cube.191
06:46:58 | INFO: Primitives created: 1
06:46:58 | INFO: Extracting primitive: Cube.193
06:46:58 | INFO: Primitives created: 1
06:46:58 | INFO: Extracting primitive: Cube.195
06:46:58 | INFO: Primitives created: 1
06:46:58 | INFO: Extracting primitive: Cube.002
06:46:58 | INFO: Primitives created: 1
06:46:58 | INFO: Extracting primitive: Cube.012
06:46:58 | INFO: Primitives created: 1
06:46:58 | INFO: Extracting primitive: Cube.015
06:46:58 | INFO: Primitives created: 1
06:46:58 | INFO: Extracting primitive: Cube.027
06:46:58 | INFO: Primitives created: 1
06:46:58 | INFO: Extracting primitive: Cube.039
06:46:58 | INFO: Primitives created: 1
06:46:58 | INFO: Extracting primitive: Cube.042
06:46:58 | INFO: Primitives created: 1
06:46:58 | INFO: Extracting primitive: Cube.052
06:46:58 | INFO: Primitives created: 1
06:46:58 | INFO: Extracting primitive: Cube.055
06:46:58 | INFO: Primitives created: 1
06:46:58 | INFO: Extracting primitive: PH_ROUTE_CHEVRON_00__MESH
06:46:58 | INFO: Primitives created: 1
06:46:58 | INFO: Extracting primitive: PH_ROUTE_CHEVRON_01__MESH
06:46:58 | INFO: Primitives created: 1
06:46:58 | INFO: Extracting primitive: PH_ROUTE_CHEVRON_02__MESH
06:46:58 | INFO: Primitives created: 1
06:46:58 | INFO: Extracting primitive: PH_ROUTE_CHEVRON_03__MESH
06:46:58 | INFO: Primitives created: 1
06:46:58 | INFO: Extracting primitive: Cube.073
06:46:58 | INFO: Primitives created: 1
06:46:58 | INFO: Extracting primitive: Cube.074
06:46:58 | INFO: Primitives created: 1
06:46:58 | INFO: Extracting primitive: Cube.077
06:46:58 | INFO: Primitives created: 1
06:46:58 | INFO: Extracting primitive: Cube.078
06:46:58 | INFO: Primitives created: 1
06:46:58 | INFO: Extracting primitive: Cube.081
06:46:58 | INFO: Primitives created: 1
06:46:58 | INFO: Extracting primitive: Cube.082
06:46:58 | INFO: Primitives created: 1
06:46:58 | INFO: Extracting primitive: Cube.085
06:46:58 | INFO: Primitives created: 1
06:46:58 | INFO: Extracting primitive: Cube.086
06:46:58 | INFO: Primitives created: 1
06:46:58 | INFO: Extracting primitive: Cube.089
06:46:58 | INFO: Primitives created: 1
06:46:58 | INFO: Extracting primitive: Cube.090
06:46:58 | INFO: Primitives created: 1
06:46:58 | INFO: Extracting primitive: Cube.093
06:46:58 | INFO: Primitives created: 1
06:46:58 | INFO: Extracting primitive: Cube.094
06:46:58 | INFO: Primitives created: 1
06:46:58 | INFO: Extracting primitive: Cube.097
06:46:58 | INFO: Primitives created: 1
06:46:58 | INFO: Extracting primitive: Cube.098
06:46:58 | INFO: Primitives created: 1
06:46:58 | INFO: Extracting primitive: Cube.101
06:46:58 | INFO: Primitives created: 1
06:46:58 | INFO: Extracting primitive: Cube.102
06:46:58 | INFO: Primitives created: 1
06:46:58 | INFO: Extracting primitive: Cube.105
06:46:58 | INFO: Primitives created: 1
06:46:58 | INFO: Extracting primitive: Cube.106
06:46:58 | INFO: Primitives created: 1
06:46:58 | INFO: Extracting primitive: Cube.109
06:46:58 | INFO: Primitives created: 1
06:46:58 | INFO: Extracting primitive: Cube.110
06:46:58 | INFO: Primitives created: 1
06:46:58 | INFO: Extracting primitive: Cube.113
06:46:58 | INFO: Primitives created: 1
06:46:58 | INFO: Extracting primitive: Cube.114
06:46:58 | INFO: Primitives created: 1
06:46:58 | INFO: Extracting primitive: Cube.117
06:46:58 | INFO: Primitives created: 1
06:46:58 | INFO: Extracting primitive: Cube.118
06:46:58 | INFO: Primitives created: 1
06:46:58 | INFO: Extracting primitive: Cube.121
06:46:58 | INFO: Primitives created: 1
06:46:58 | INFO: Extracting primitive: Cube.122
06:46:58 | INFO: Primitives created: 1
06:46:58 | INFO: Extracting primitive: Cube.125
06:46:58 | INFO: Primitives created: 1
06:46:58 | INFO: Extracting primitive: Cube.126
06:46:58 | INFO: Primitives created: 1
06:46:58 | INFO: Extracting primitive: Cube.129
06:46:58 | INFO: Primitives created: 1
06:46:58 | INFO: Extracting primitive: Cube.130
06:46:58 | INFO: Primitives created: 1
06:46:58 | INFO: Extracting primitive: Cube.133
06:46:58 | INFO: Primitives created: 1
06:46:58 | INFO: Extracting primitive: Cube.134
06:46:58 | INFO: Primitives created: 1
06:46:58 | INFO: Extracting primitive: Cube.142
06:46:58 | INFO: Primitives created: 1
06:46:58 | INFO: Extracting primitive: Cube.150
06:46:58 | INFO: Primitives created: 1
06:46:58 | INFO: Extracting primitive: Cube.152
06:46:58 | INFO: Primitives created: 1
06:46:58 | INFO: Extracting primitive: Cube.154
06:46:58 | INFO: Primitives created: 1
06:46:58 | INFO: Extracting primitive: Cube.156
06:46:58 | INFO: Primitives created: 1
06:46:58 | INFO: Extracting primitive: Cube.157
06:46:58 | INFO: Primitives created: 1
06:46:58 | INFO: Extracting primitive: Cube.158
06:46:58 | INFO: Primitives created: 1
06:46:58 | INFO: Extracting primitive: Cube.160
06:46:58 | INFO: Primitives created: 1
06:46:58 | INFO: Extracting primitive: Cube.162
06:46:58 | INFO: Primitives created: 1
06:46:58 | INFO: Extracting primitive: Cube.164
06:46:58 | INFO: Primitives created: 1
06:46:58 | INFO: Extracting primitive: Cube.165
06:46:58 | INFO: Primitives created: 1
06:46:58 | INFO: Extracting primitive: Cube.166
06:46:58 | INFO: Primitives created: 1
06:46:58 | INFO: Extracting primitive: Cube.168
06:46:58 | INFO: Primitives created: 1
06:46:58 | INFO: Extracting primitive: Cube.170
06:46:58 | INFO: Primitives created: 1
06:46:58 | INFO: Extracting primitive: Cube.172
06:46:58 | INFO: Primitives created: 1
06:46:58 | INFO: Extracting primitive: Cube.173
06:46:58 | INFO: Primitives created: 1
06:46:58 | INFO: Extracting primitive: Cube.174
06:46:58 | INFO: Primitives created: 1
06:46:58 | INFO: Extracting primitive: Cube.176
06:46:58 | INFO: Primitives created: 1
06:46:58 | INFO: Extracting primitive: Cube.178
06:46:58 | INFO: Primitives created: 1
06:46:58 | INFO: Extracting primitive: Cube.180
06:46:58 | INFO: Primitives created: 1
06:46:58 | INFO: Extracting primitive: Cube.181
06:46:58 | INFO: Primitives created: 1
06:46:58 | INFO: Extracting primitive: Cube.182
06:46:58 | INFO: Primitives created: 1
06:46:58 | INFO: Extracting primitive: Cube.184
06:46:58 | INFO: Primitives created: 1
06:46:58 | INFO: Extracting primitive: Cube.186
06:46:58 | INFO: Primitives created: 1
06:46:58 | INFO: Extracting primitive: Cube.188
06:46:58 | INFO: Primitives created: 1
06:46:58 | INFO: Extracting primitive: Cube.189
06:46:58 | INFO: Primitives created: 1
06:46:58 | INFO: Extracting primitive: Cube.190
06:46:58 | INFO: Primitives created: 1
06:46:58 | INFO: Extracting primitive: Cube.192
06:46:58 | INFO: Primitives created: 1
06:46:58 | INFO: Extracting primitive: Cube.194
06:46:58 | INFO: Primitives created: 1
06:46:58 | INFO: Extracting primitive: Cube.196
06:46:58 | INFO: Primitives created: 1
06:46:58 | INFO: Extracting primitive: Cube.197
06:46:58 | INFO: Primitives created: 1
06:46:58 | INFO: Extracting primitive: Cube.198
06:46:58 | INFO: Primitives created: 1
06:46:58 | INFO: Extracting primitive: Cube.240
06:46:58 | INFO: Primitives created: 1
06:46:58 | INFO: Extracting primitive: Cube.242
06:46:58 | INFO: Primitives created: 1
06:46:58 | INFO: Extracting primitive: Torus.006
06:46:58 | INFO: Primitives created: 1
06:46:58 | INFO: Extracting primitive: Cube.243
06:46:58 | INFO: Primitives created: 1
06:46:58 | INFO: Extracting primitive: Cube.244
06:46:58 | INFO: Primitives created: 1
06:46:58 | INFO: Extracting primitive: Cube.245
06:46:58 | INFO: Primitives created: 1
06:46:58 | INFO: Extracting primitive: Torus.007
06:46:58 | INFO: Primitives created: 1
06:46:58 | INFO: Extracting primitive: Cube.247
06:46:58 | INFO: Primitives created: 1
06:46:58 | INFO: Extracting primitive: Cube.248
06:46:58 | INFO: Primitives created: 1
06:46:58 | INFO: Extracting primitive: Cube.249
06:46:58 | INFO: Primitives created: 1
06:46:58 | INFO: Extracting primitive: Cube.250
06:46:58 | INFO: Primitives created: 1
06:46:58 | INFO: Extracting primitive: Cube.252
06:46:58 | INFO: Primitives created: 1
06:46:58 | INFO: Extracting primitive: Cube.253
06:46:58 | INFO: Primitives created: 1
06:46:58 | INFO: Extracting primitive: Cube.254
06:46:58 | INFO: Primitives created: 1
06:46:58 | INFO: Extracting primitive: Cube.255
06:46:58 | INFO: Primitives created: 1
06:46:58 | INFO: Extracting primitive: Cube.257
06:46:58 | INFO: Primitives created: 1
06:46:58 | INFO: Extracting primitive: Cube.258
06:46:58 | INFO: Primitives created: 1
06:46:58 | INFO: Extracting primitive: Cube.260
06:46:58 | INFO: Primitives created: 1
06:46:58 | INFO: Extracting primitive: RED_FOLD_EXIT_RING_0__MESH
06:46:58 | INFO: Primitives created: 1
06:46:58 | INFO: Extracting primitive: RED_FOLD_EXIT_RING_1__MESH
06:46:58 | INFO: Primitives created: 1
06:46:58 | INFO: Extracting primitive: RED_FOLD_EXIT_RING_2__MESH
06:46:58 | INFO: Primitives created: 1
06:46:58 | INFO: Extracting primitive: Cube.239
06:46:58 | INFO: Primitives created: 1
06:46:58 | INFO: Extracting primitive: Cube.241
06:46:58 | INFO: Primitives created: 1
06:46:58 | INFO: Extracting primitive: Cylinder.012
06:46:58 | INFO: Primitives created: 1
06:46:58 | INFO: Extracting primitive: RED_FOLD_LOWER_RING_0__MESH
06:46:58 | INFO: Primitives created: 1
06:46:58 | INFO: Extracting primitive: RED_FOLD_LOWER_RING_1__MESH
06:46:58 | INFO: Primitives created: 1
06:46:58 | INFO: Extracting primitive: RED_FOLD_LOWER_RING_2__MESH
06:46:58 | INFO: Primitives created: 1
06:46:58 | INFO: Extracting primitive: Cylinder.013
06:46:58 | INFO: Primitives created: 1
06:46:58 | INFO: Extracting primitive: Cube.246
06:46:58 | INFO: Primitives created: 1
06:46:58 | INFO: Extracting primitive: Cube.251
06:46:58 | INFO: Primitives created: 1
06:46:58 | INFO: Extracting primitive: Cube.256
06:46:58 | INFO: Primitives created: 1
06:46:58 | INFO: Extracting primitive: Cube.259
06:46:58 | INFO: Primitives created: 1
06:46:58 | INFO: Extracting primitive: Cube.261
06:46:58 | INFO: Primitives created: 1
06:46:58 | INFO: Extracting primitive: Cylinder.018
06:46:58 | INFO: Primitives created: 1
06:46:58 | INFO: Extracting primitive: Cylinder.019
06:46:58 | INFO: Primitives created: 1
06:46:58 | INFO: Extracting primitive: Cube.262
06:46:58 | INFO: Primitives created: 1
06:46:58 | INFO: Extracting primitive: Cylinder.020
06:46:58 | INFO: Primitives created: 1
06:46:58 | INFO: Extracting primitive: Cylinder.021
06:46:58 | INFO: Primitives created: 1
06:46:58 | INFO: Extracting primitive: Cube.263
06:46:58 | INFO: Primitives created: 1
06:46:58 | INFO: Extracting primitive: Cylinder.022
06:46:58 | INFO: Primitives created: 1
06:46:58 | INFO: Extracting primitive: Cylinder.023
06:46:58 | INFO: Primitives created: 1
06:46:58 | INFO: Extracting primitive: Cube.264
06:46:58 | INFO: Primitives created: 1
06:46:58 | INFO: Extracting primitive: Cylinder.024
06:46:58 | INFO: Primitives created: 1
06:46:58 | INFO: Extracting primitive: Cylinder.025
06:46:58 | INFO: Primitives created: 1
06:46:58 | INFO: Extracting primitive: V3_NORTH_FORGING_PRESS_CAST_ARCH_FRONT__MESH
06:46:58 | INFO: Primitives created: 1
06:46:58 | INFO: Extracting primitive: V3_NORTH_FORGING_PRESS_CAST_LEG_FRONT_L__MESH
06:46:58 | INFO: Primitives created: 1
06:46:58 | INFO: Extracting primitive: V3_NORTH_FORGING_PRESS_BASE_GUSSET_FRONT_L__MESH
06:46:58 | INFO: Primitives created: 1
06:46:58 | INFO: Extracting primitive: V3_NORTH_FORGING_PRESS_CAST_LEG_FRONT_R__MESH
06:46:58 | INFO: Primitives created: 1
06:46:58 | INFO: Extracting primitive: V3_NORTH_FORGING_PRESS_BASE_GUSSET_FRONT_R__MESH
06:46:58 | INFO: Primitives created: 1
06:46:58 | INFO: Extracting primitive: Cube.265
06:46:58 | INFO: Primitives created: 1
06:46:58 | INFO: Extracting primitive: V3_NORTH_FORGING_PRESS_CAST_ARCH_BACK__MESH
06:46:58 | INFO: Primitives created: 1
06:46:58 | INFO: Extracting primitive: V3_NORTH_FORGING_PRESS_CAST_LEG_BACK_L__MESH
06:46:58 | INFO: Primitives created: 1
06:46:58 | INFO: Extracting primitive: V3_NORTH_FORGING_PRESS_BASE_GUSSET_BACK_L__MESH
06:46:58 | INFO: Primitives created: 1
06:46:58 | INFO: Extracting primitive: V3_NORTH_FORGING_PRESS_CAST_LEG_BACK_R__MESH
06:46:58 | INFO: Primitives created: 1
06:46:58 | INFO: Extracting primitive: V3_NORTH_FORGING_PRESS_BASE_GUSSET_BACK_R__MESH
06:46:58 | INFO: Primitives created: 1
06:46:58 | INFO: Extracting primitive: Cube.266
06:46:58 | INFO: Primitives created: 1
06:46:58 | INFO: Extracting primitive: Cylinder.026
06:46:58 | INFO: Primitives created: 1
06:46:58 | INFO: Extracting primitive: Cylinder.027
06:46:58 | INFO: Primitives created: 1
06:46:58 | INFO: Extracting primitive: Cylinder.028
06:46:58 | INFO: Primitives created: 1
06:46:58 | INFO: Extracting primitive: Cylinder.029
06:46:58 | INFO: Primitives created: 1
06:46:58 | INFO: Extracting primitive: Cylinder.030
06:46:58 | INFO: Primitives created: 1
06:46:58 | INFO: Extracting primitive: Cylinder.031
06:46:58 | INFO: Primitives created: 1
06:46:58 | INFO: Extracting primitive: Cube.267
06:46:58 | INFO: Primitives created: 1
06:46:58 | INFO: Extracting primitive: Cylinder.032
06:46:58 | INFO: Primitives created: 1
06:46:58 | INFO: Extracting primitive: Cylinder.033
06:46:58 | INFO: Primitives created: 1
06:46:58 | INFO: Extracting primitive: Cylinder.034
06:46:58 | INFO: Primitives created: 1
06:46:58 | INFO: Extracting primitive: Torus.008
06:46:58 | INFO: Primitives created: 1
06:46:58 | INFO: Extracting primitive: Torus.009
06:46:58 | INFO: Primitives created: 1
06:46:58 | INFO: Extracting primitive: Torus.010
06:46:58 | INFO: Primitives created: 1
06:46:58 | INFO: Extracting primitive: Torus.011
06:46:58 | INFO: Primitives created: 1
06:46:58 | INFO: Extracting primitive: Torus.012
06:46:58 | INFO: Primitives created: 1
06:46:58 | INFO: Extracting primitive: Cylinder.035
06:46:58 | INFO: Primitives created: 1
06:46:58 | INFO: Extracting primitive: Cylinder.036
06:46:58 | INFO: Primitives created: 1
06:46:58 | INFO: Extracting primitive: Cylinder.037
06:46:58 | INFO: Primitives created: 1
06:46:58 | INFO: Extracting primitive: Cylinder.038
06:46:58 | INFO: Primitives created: 1
06:46:58 | INFO: Extracting primitive: Torus.013
06:46:58 | INFO: Primitives created: 1
06:46:58 | INFO: Extracting primitive: Cylinder.039
06:46:58 | INFO: Primitives created: 1
06:46:58 | INFO: Extracting primitive: Cube.268
06:46:58 | INFO: Primitives created: 1
06:46:58 | INFO: Extracting primitive: Cube.269
06:46:58 | INFO: Primitives created: 1
06:46:58 | INFO: Extracting primitive: Cube.270
06:46:58 | INFO: Primitives created: 1
06:46:58 | INFO: Extracting primitive: Cube.271
06:46:58 | INFO: Primitives created: 1
06:46:58 | INFO: Extracting primitive: Cube.272
06:46:58 | INFO: Primitives created: 1
06:46:58 | INFO: Extracting primitive: Cube.273
06:46:58 | INFO: Primitives created: 1
06:46:58 | INFO: Extracting primitive: Cube.274
06:46:58 | INFO: Primitives created: 1
06:46:58 | INFO: Extracting primitive: Cube.275
06:46:58 | INFO: Primitives created: 1
06:46:58 | INFO: Extracting primitive: Cube.276
06:46:58 | INFO: Primitives created: 1
06:46:58 | INFO: Extracting primitive: Cube.277
06:46:58 | INFO: Primitives created: 1
06:46:58 | INFO: Extracting primitive: Cylinder.040
06:46:58 | INFO: Primitives created: 1
06:46:58 | INFO: Extracting primitive: Cylinder.041
06:46:58 | INFO: Primitives created: 1
06:46:58 | INFO: Extracting primitive: Cylinder.042
06:46:58 | INFO: Primitives created: 1
06:46:58 | INFO: Extracting primitive: V3_NORTH_FORGING_PRESS_DRIVE_GUARD_ARC__MESH
06:46:58 | INFO: Primitives created: 1
06:46:58 | INFO: Extracting primitive: Cylinder.043
06:46:58 | INFO: Primitives created: 1
06:46:58 | INFO: Extracting primitive: Cylinder.044
06:46:58 | INFO: Primitives created: 1
06:46:58 | INFO: Extracting primitive: Cylinder.045
06:46:58 | INFO: Primitives created: 1
06:46:58 | INFO: Extracting primitive: Cube.278
06:46:58 | INFO: Primitives created: 1
06:46:58 | INFO: Extracting primitive: Cylinder.046
06:46:58 | INFO: Primitives created: 1
06:46:58 | INFO: Extracting primitive: Cube.279
06:46:58 | INFO: Primitives created: 1
06:46:58 | INFO: Extracting primitive: Cube.280
06:46:58 | INFO: Primitives created: 1
06:46:58 | INFO: Extracting primitive: Cylinder.047
06:46:58 | INFO: Primitives created: 1
06:46:58 | INFO: Extracting primitive: Cube.281
06:46:58 | INFO: Primitives created: 1
06:46:58 | INFO: Extracting primitive: Cube.282
06:46:58 | INFO: Primitives created: 1
06:46:58 | INFO: Extracting primitive: Cube.283
06:46:58 | INFO: Primitives created: 1
06:46:58 | INFO: Extracting primitive: Cylinder.048
06:46:58 | INFO: Primitives created: 1
06:46:58 | INFO: Extracting primitive: Cylinder.049
06:46:58 | INFO: Primitives created: 1
06:46:58 | INFO: Extracting primitive: Cylinder.050
06:46:58 | INFO: Primitives created: 1
06:46:58 | INFO: Extracting primitive: Cylinder.051
06:46:58 | INFO: Primitives created: 1
06:46:58 | INFO: Extracting primitive: Cylinder.052
06:46:58 | INFO: Primitives created: 1
06:46:58 | INFO: Extracting primitive: Cylinder.053
06:46:58 | INFO: Primitives created: 1
06:46:58 | INFO: Extracting primitive: Cylinder.054
06:46:58 | INFO: Primitives created: 1
06:46:58 | INFO: Extracting primitive: Cylinder.055
06:46:58 | INFO: Primitives created: 1
06:46:58 | INFO: Extracting primitive: Cylinder.056
06:46:58 | INFO: Primitives created: 1
06:46:58 | INFO: Extracting primitive: Cylinder.057
06:46:58 | INFO: Primitives created: 1
06:46:58 | INFO: Extracting primitive: Torus.014
06:46:58 | INFO: Primitives created: 1
06:46:58 | INFO: Extracting primitive: Cylinder.058
06:46:58 | INFO: Primitives created: 1
06:46:58 | INFO: Extracting primitive: Cube.284
06:46:58 | INFO: Primitives created: 1
06:46:58 | INFO: Extracting primitive: Cylinder.059
06:46:58 | INFO: Primitives created: 1
06:46:58 | INFO: Extracting primitive: Cylinder.060
06:46:58 | INFO: Primitives created: 1
06:46:58 | INFO: Extracting primitive: Cylinder.061
06:46:58 | INFO: Primitives created: 1
06:46:58 | INFO: Extracting primitive: Cylinder.062
06:46:58 | INFO: Primitives created: 1
06:46:58 | INFO: Extracting primitive: Cube.285
06:46:58 | INFO: Primitives created: 1
06:46:58 | INFO: Extracting primitive: Cylinder.063
06:46:58 | INFO: Primitives created: 1
06:46:58 | INFO: Extracting primitive: Cylinder.064
06:46:58 | INFO: Primitives created: 1
06:46:58 | INFO: Extracting primitive: Cylinder.067
06:46:58 | INFO: Primitives created: 1
06:46:58 | INFO: Extracting primitive: Cylinder.068
06:46:58 | INFO: Primitives created: 1
06:46:58 | INFO: Extracting primitive: Cylinder.069
06:46:58 | INFO: Primitives created: 1
06:46:58 | INFO: Extracting primitive: Cylinder.070
06:46:58 | INFO: Primitives created: 1
06:46:58 | INFO: Extracting primitive: Cylinder.071
06:46:58 | INFO: Primitives created: 1
06:46:58 | INFO: Extracting primitive: Cylinder.072
06:46:58 | INFO: Primitives created: 1
06:46:58 | INFO: Extracting primitive: Cylinder.073
06:46:58 | INFO: Primitives created: 1
06:46:58 | INFO: Extracting primitive: Cylinder.074
06:46:58 | INFO: Primitives created: 1
06:46:58 | INFO: Extracting primitive: Cylinder.075
06:46:58 | INFO: Primitives created: 1
06:46:58 | INFO: Extracting primitive: Cylinder.076
06:46:58 | INFO: Primitives created: 1
06:46:58 | INFO: Extracting primitive: Cylinder.077
06:46:58 | INFO: Primitives created: 1
06:46:58 | INFO: Extracting primitive: Cylinder.078
06:46:58 | INFO: Primitives created: 1
06:46:58 | INFO: Extracting primitive: Cylinder.079
06:46:58 | INFO: Primitives created: 1
06:46:58 | INFO: Extracting primitive: Cylinder.080
06:46:58 | INFO: Primitives created: 1
06:46:58 | INFO: Extracting primitive: Cylinder.081
06:46:58 | INFO: Primitives created: 1
06:46:58 | INFO: Extracting primitive: Cylinder.082
06:46:58 | INFO: Primitives created: 1
06:46:58 | INFO: Extracting primitive: Cylinder.083
06:46:58 | INFO: Primitives created: 1
06:46:58 | INFO: Extracting primitive: Cylinder.084
06:46:58 | INFO: Primitives created: 1
06:46:58 | INFO: Extracting primitive: Cylinder.085
06:46:58 | INFO: Primitives created: 1
06:46:58 | INFO: Extracting primitive: Cube.286
06:46:58 | INFO: Primitives created: 1
06:46:58 | INFO: Extracting primitive: Cylinder.086
06:46:58 | INFO: Primitives created: 1
06:46:58 | INFO: Extracting primitive: Cylinder.087
06:46:58 | INFO: Primitives created: 1
06:46:58 | INFO: Extracting primitive: Cube.287
06:46:58 | INFO: Primitives created: 1
06:46:58 | INFO: Extracting primitive: Cylinder.088
06:46:58 | INFO: Primitives created: 1
06:46:58 | INFO: Extracting primitive: Cylinder.089
06:46:58 | INFO: Primitives created: 1
06:46:58 | INFO: Extracting primitive: Cube.288
06:46:58 | INFO: Primitives created: 1
06:46:58 | INFO: Extracting primitive: Cylinder.090
06:46:58 | INFO: Primitives created: 1
06:46:58 | INFO: Extracting primitive: Cylinder.091
06:46:58 | INFO: Primitives created: 1
06:46:58 | INFO: Extracting primitive: Cube.289
06:46:58 | INFO: Primitives created: 1
06:46:58 | INFO: Extracting primitive: Cylinder.092
06:46:58 | INFO: Primitives created: 1
06:46:58 | INFO: Extracting primitive: Cylinder.093
06:46:58 | INFO: Primitives created: 1
06:46:58 | INFO: Extracting primitive: V3_SOUTH_ROLLER_PRESS_CAST_ARCH_FRONT__MESH
06:46:58 | INFO: Primitives created: 1
06:46:58 | INFO: Extracting primitive: V3_SOUTH_ROLLER_PRESS_CAST_LEG_FRONT_L__MESH
06:46:58 | INFO: Primitives created: 1
06:46:58 | INFO: Extracting primitive: V3_SOUTH_ROLLER_PRESS_BASE_GUSSET_FRONT_L__MESH
06:46:58 | INFO: Primitives created: 1
06:46:58 | INFO: Extracting primitive: V3_SOUTH_ROLLER_PRESS_CAST_LEG_FRONT_R__MESH
06:46:58 | INFO: Primitives created: 1
06:46:58 | INFO: Extracting primitive: V3_SOUTH_ROLLER_PRESS_BASE_GUSSET_FRONT_R__MESH
06:46:58 | INFO: Primitives created: 1
06:46:58 | INFO: Extracting primitive: Cube.290
06:46:58 | INFO: Primitives created: 1
06:46:58 | INFO: Extracting primitive: V3_SOUTH_ROLLER_PRESS_CAST_ARCH_BACK__MESH
06:46:58 | INFO: Primitives created: 1
06:46:58 | INFO: Extracting primitive: V3_SOUTH_ROLLER_PRESS_CAST_LEG_BACK_L__MESH
06:46:58 | INFO: Primitives created: 1
06:46:58 | INFO: Extracting primitive: V3_SOUTH_ROLLER_PRESS_BASE_GUSSET_BACK_L__MESH
06:46:58 | INFO: Primitives created: 1
06:46:58 | INFO: Extracting primitive: V3_SOUTH_ROLLER_PRESS_CAST_LEG_BACK_R__MESH
06:46:58 | INFO: Primitives created: 1
06:46:58 | INFO: Extracting primitive: V3_SOUTH_ROLLER_PRESS_BASE_GUSSET_BACK_R__MESH
06:46:58 | INFO: Primitives created: 1
06:46:58 | INFO: Extracting primitive: Cube.291
06:46:58 | INFO: Primitives created: 1
06:46:58 | INFO: Extracting primitive: Cylinder.094
06:46:58 | INFO: Primitives created: 1
06:46:58 | INFO: Extracting primitive: Cylinder.095
06:46:58 | INFO: Primitives created: 1
06:46:58 | INFO: Extracting primitive: Cylinder.096
06:46:58 | INFO: Primitives created: 1
06:46:58 | INFO: Extracting primitive: Cylinder.097
06:46:58 | INFO: Primitives created: 1
06:46:58 | INFO: Extracting primitive: Cylinder.098
06:46:58 | INFO: Primitives created: 1
06:46:58 | INFO: Extracting primitive: Cylinder.099
06:46:58 | INFO: Primitives created: 1
06:46:58 | INFO: Extracting primitive: Cylinder.100
06:46:58 | INFO: Primitives created: 1
06:46:58 | INFO: Extracting primitive: Cylinder.101
06:46:58 | INFO: Primitives created: 1
06:46:58 | INFO: Extracting primitive: Cylinder.102
06:46:58 | INFO: Primitives created: 1
06:46:58 | INFO: Extracting primitive: Cylinder.103
06:46:58 | INFO: Primitives created: 1
06:46:58 | INFO: Extracting primitive: Cylinder.104
06:46:58 | INFO: Primitives created: 1
06:46:58 | INFO: Extracting primitive: Cylinder.105
06:46:58 | INFO: Primitives created: 1
06:46:58 | INFO: Extracting primitive: Torus.015
06:46:58 | INFO: Primitives created: 1
06:46:58 | INFO: Extracting primitive: Cylinder.106
06:46:58 | INFO: Primitives created: 1
06:46:58 | INFO: Extracting primitive: Cube.292
06:46:58 | INFO: Primitives created: 1
06:46:58 | INFO: Extracting primitive: Cube.293
06:46:58 | INFO: Primitives created: 1
06:46:58 | INFO: Extracting primitive: Cube.294
06:46:58 | INFO: Primitives created: 1
06:46:58 | INFO: Extracting primitive: Cube.295
06:46:58 | INFO: Primitives created: 1
06:46:58 | INFO: Extracting primitive: Cube.296
06:46:58 | INFO: Primitives created: 1
06:46:58 | INFO: Extracting primitive: Cube.297
06:46:58 | INFO: Primitives created: 1
06:46:58 | INFO: Extracting primitive: Cube.298
06:46:58 | INFO: Primitives created: 1
06:46:58 | INFO: Extracting primitive: Cube.299
06:46:58 | INFO: Primitives created: 1
06:46:58 | INFO: Extracting primitive: Cube.300
06:46:58 | INFO: Primitives created: 1
06:46:58 | INFO: Extracting primitive: Cube.301
06:46:58 | INFO: Primitives created: 1
06:46:58 | INFO: Extracting primitive: Cube.302
06:46:58 | INFO: Primitives created: 1
06:46:58 | INFO: Extracting primitive: Cube.303
06:46:58 | INFO: Primitives created: 1
06:46:58 | INFO: Extracting primitive: Cube.304
06:46:58 | INFO: Primitives created: 1
06:46:58 | INFO: Extracting primitive: Cube.305
06:46:58 | INFO: Primitives created: 1
06:46:58 | INFO: Extracting primitive: Cube.306
06:46:58 | INFO: Primitives created: 1
06:46:58 | INFO: Extracting primitive: Cube.307
06:46:58 | INFO: Primitives created: 1
06:46:58 | INFO: Extracting primitive: Cylinder.107
06:46:58 | INFO: Primitives created: 1
06:46:58 | INFO: Extracting primitive: Cylinder.108
06:46:58 | INFO: Primitives created: 1
06:46:58 | INFO: Extracting primitive: Cylinder.109
06:46:58 | INFO: Primitives created: 1
06:46:58 | INFO: Extracting primitive: Torus.016
06:46:58 | INFO: Primitives created: 1
06:46:58 | INFO: Extracting primitive: Cylinder.110
06:46:58 | INFO: Primitives created: 1
06:46:58 | INFO: Extracting primitive: Cube.308
06:46:58 | INFO: Primitives created: 1
06:46:58 | INFO: Extracting primitive: Cube.309
06:46:58 | INFO: Primitives created: 1
06:46:58 | INFO: Extracting primitive: Cube.310
06:46:58 | INFO: Primitives created: 1
06:46:58 | INFO: Extracting primitive: Cube.311
06:46:58 | INFO: Primitives created: 1
06:46:58 | INFO: Extracting primitive: Cube.312
06:46:58 | INFO: Primitives created: 1
06:46:58 | INFO: Extracting primitive: Cube.313
06:46:58 | INFO: Primitives created: 1
06:46:58 | INFO: Extracting primitive: Cube.314
06:46:58 | INFO: Primitives created: 1
06:46:58 | INFO: Extracting primitive: Cube.315
06:46:58 | INFO: Primitives created: 1
06:46:58 | INFO: Extracting primitive: Cube.316
06:46:58 | INFO: Primitives created: 1
06:46:58 | INFO: Extracting primitive: Cube.317
06:46:58 | INFO: Primitives created: 1
06:46:58 | INFO: Extracting primitive: Cube.318
06:46:58 | INFO: Primitives created: 1
06:46:58 | INFO: Extracting primitive: Cube.319
06:46:58 | INFO: Primitives created: 1
06:46:58 | INFO: Extracting primitive: Cube.320
06:46:58 | INFO: Primitives created: 1
06:46:58 | INFO: Extracting primitive: Cube.321
06:46:58 | INFO: Primitives created: 1
06:46:58 | INFO: Extracting primitive: Cylinder.111
06:46:58 | INFO: Primitives created: 1
06:46:58 | INFO: Extracting primitive: Cylinder.112
06:46:58 | INFO: Primitives created: 1
06:46:58 | INFO: Extracting primitive: Cylinder.113
06:46:58 | INFO: Primitives created: 1
06:46:58 | INFO: Extracting primitive: Cylinder.114
06:46:58 | INFO: Primitives created: 1
06:46:58 | INFO: Extracting primitive: Cylinder.115
06:46:58 | INFO: Primitives created: 1
06:46:58 | INFO: Extracting primitive: Cylinder.116
06:46:58 | INFO: Primitives created: 1
06:46:58 | INFO: Extracting primitive: Cube.322
06:46:58 | INFO: Primitives created: 1
06:46:58 | INFO: Extracting primitive: Cube.323
06:46:58 | INFO: Primitives created: 1
06:46:58 | INFO: Extracting primitive: Cube.324
06:46:58 | INFO: Primitives created: 1
06:46:58 | INFO: Extracting primitive: Cylinder.119
06:46:58 | INFO: Primitives created: 1
06:46:58 | INFO: Extracting primitive: Cylinder.120
06:46:58 | INFO: Primitives created: 1
06:46:58 | INFO: Extracting primitive: Cylinder.121
06:46:58 | INFO: Primitives created: 1
06:46:58 | INFO: Extracting primitive: Cylinder.122
06:46:58 | INFO: Primitives created: 1
06:46:58 | INFO: Extracting primitive: Cylinder.123
06:46:58 | INFO: Primitives created: 1
06:46:58 | INFO: Extracting primitive: Cylinder.124
06:46:58 | INFO: Primitives created: 1
06:46:58 | INFO: Extracting primitive: Cylinder.125
06:46:58 | INFO: Primitives created: 1
06:46:58 | INFO: Extracting primitive: Cylinder.126
06:46:58 | INFO: Primitives created: 1
06:46:58 | INFO: Extracting primitive: Cube.325
06:46:58 | INFO: Primitives created: 1
06:46:58 | INFO: Extracting primitive: Cylinder.127
06:46:58 | INFO: Primitives created: 1
06:46:58 | INFO: Extracting primitive: Cylinder.065
06:46:58 | INFO: Primitives created: 1
06:46:58 | INFO: Extracting primitive: Cylinder.066
06:46:58 | INFO: Primitives created: 1
06:46:58 | INFO: Extracting primitive: V3_NORTH_FORGING_PRESS_FEED_WEB__MESH
06:46:58 | INFO: Primitives created: 1
06:46:58 | INFO: Extracting primitive: V3_NORTH_FORGING_PRESS_OUTPUT_WEB__MESH
06:46:58 | INFO: Primitives created: 1
06:46:58 | INFO: Extracting primitive: Cylinder.117
06:46:58 | INFO: Primitives created: 1
06:46:58 | INFO: Extracting primitive: Cylinder.118
06:46:58 | INFO: Primitives created: 1
06:46:58 | INFO: Extracting primitive: V3_SOUTH_ROLLER_PRESS_FEED_WEB__MESH
06:46:58 | INFO: Primitives created: 1
06:46:58 | INFO: Extracting primitive: V3_SOUTH_ROLLER_PRESS_OUTPUT_WEB__MESH
06:46:58 | INFO: Primitives created: 1
06:46:58 | INFO: Extracting primitive: Cube.199
06:46:58 | INFO: Primitives created: 1
06:46:58 | INFO: Extracting primitive: Cube.200
06:46:58 | INFO: Primitives created: 1
06:46:58 | INFO: Extracting primitive: Cube.201
06:46:58 | INFO: Primitives created: 1
06:46:58 | INFO: Extracting primitive: Cube.202
06:46:58 | INFO: Primitives created: 1
06:46:58 | INFO: Extracting primitive: Cube.203
06:46:58 | INFO: Primitives created: 1
06:46:58 | INFO: Extracting primitive: Cube.204
06:46:58 | INFO: Primitives created: 1
06:46:58 | INFO: Extracting primitive: Cube.205
06:46:58 | INFO: Primitives created: 1
06:46:58 | INFO: Extracting primitive: Cube.206
06:46:58 | INFO: Primitives created: 1
06:46:58 | INFO: Extracting primitive: Cube.235
06:46:58 | INFO: Primitives created: 1
06:46:58 | INFO: Extracting primitive: Cube.236
06:46:58 | INFO: Primitives created: 1
06:46:58 | INFO: Extracting primitive: Cube.237
06:46:58 | INFO: Primitives created: 1
06:46:58 | INFO: Extracting primitive: Cube.238
06:46:58 | INFO: Primitives created: 1
06:46:58 | INFO: Extracting primitive: Cube.326
06:46:58 | INFO: Primitives created: 1
06:46:58 | INFO: Extracting primitive: Cube.327
06:46:58 | INFO: Primitives created: 1
06:46:58 | INFO: Extracting primitive: Cylinder
06:46:58 | INFO: Primitives created: 1
06:46:58 | INFO: Extracting primitive: Cylinder.001
06:46:58 | INFO: Primitives created: 1
06:46:58 | INFO: Extracting primitive: Cube.328
06:46:58 | INFO: Primitives created: 1
06:46:58 | INFO: Extracting primitive: Cube.329
06:46:58 | INFO: Primitives created: 1
06:46:58 | INFO: Extracting primitive: Cylinder.002
06:46:58 | INFO: Primitives created: 1
06:46:58 | INFO: Extracting primitive: Cylinder.003
06:46:58 | INFO: Primitives created: 1
06:46:58 | INFO: Extracting primitive: Cube.330
06:46:58 | INFO: Primitives created: 1
06:46:58 | INFO: Extracting primitive: Cylinder.004
06:46:58 | INFO: Primitives created: 1
06:46:58 | INFO: Extracting primitive: Cylinder.005
06:46:58 | INFO: Primitives created: 1
06:46:58 | INFO: Extracting primitive: Cylinder.006
06:46:58 | INFO: Primitives created: 1
06:46:58 | INFO: Extracting primitive: Cylinder.007
06:46:58 | INFO: Primitives created: 1
06:46:58 | INFO: Extracting primitive: Cube.331
06:46:58 | INFO: Primitives created: 1
06:46:58 | INFO: Extracting primitive: Cube.332
06:46:58 | INFO: Primitives created: 1
06:46:58 | INFO: Extracting primitive: Cube.333
06:46:58 | INFO: Primitives created: 1
06:46:58 | INFO: Extracting primitive: Cube.334
06:46:58 | INFO: Primitives created: 1
06:46:58 | INFO: Extracting primitive: Cube.335
06:46:58 | INFO: Primitives created: 1
06:46:58 | INFO: Extracting primitive: Cube.336
06:46:58 | INFO: Primitives created: 1
06:46:58 | INFO: Extracting primitive: Cube.337
06:46:58 | INFO: Primitives created: 1
06:46:58 | INFO: Extracting primitive: Cube.338
06:46:58 | INFO: Primitives created: 1
06:46:58 | INFO: Extracting primitive: Cube.339
06:46:58 | INFO: Primitives created: 1
06:46:58 | INFO: Extracting primitive: Cube.340
06:46:58 | INFO: Primitives created: 1
06:46:58 | INFO: Extracting primitive: Cube.341
06:46:58 | INFO: Primitives created: 1
06:46:58 | INFO: Extracting primitive: Cube.342
06:46:58 | INFO: Primitives created: 1
06:46:58 | INFO: Extracting primitive: Cube.343
06:46:58 | INFO: Primitives created: 1
06:46:58 | INFO: Extracting primitive: Cube.344
06:46:58 | INFO: Primitives created: 1
06:46:58 | INFO: Extracting primitive: Cylinder.008
06:46:58 | INFO: Primitives created: 1
06:46:58 | INFO: Extracting primitive: Cylinder.009
06:46:58 | INFO: Primitives created: 1
06:46:58 | INFO: Extracting primitive: Cube.345
06:46:58 | INFO: Primitives created: 1
06:46:58 | INFO: Extracting primitive: Cube.346
06:46:58 | INFO: Primitives created: 1
06:46:58 | INFO: Extracting primitive: Cylinder.010
06:46:58 | INFO: Primitives created: 1
06:46:58 | INFO: Extracting primitive: Cylinder.011
06:46:58 | INFO: Primitives created: 1
06:46:58 | INFO: Extracting primitive: Cube.347
06:46:58 | INFO: Primitives created: 1
06:46:58 | INFO: Extracting primitive: Cylinder.014
06:46:58 | INFO: Primitives created: 1
06:46:58 | INFO: Extracting primitive: Cylinder.015
06:46:58 | INFO: Primitives created: 1
06:46:58 | INFO: Extracting primitive: Cylinder.016
06:46:58 | INFO: Primitives created: 1
06:46:58 | INFO: Extracting primitive: Cylinder.017
06:46:58 | INFO: Primitives created: 1
06:46:58 | INFO: Extracting primitive: Cube.348
06:46:58 | INFO: Primitives created: 1
06:46:58 | INFO: Extracting primitive: Cube.349
06:46:58 | INFO: Primitives created: 1
06:46:58 | INFO: Extracting primitive: Cube.350
06:46:58 | INFO: Primitives created: 1
06:46:58 | INFO: Extracting primitive: Cube.351
06:46:58 | INFO: Primitives created: 1
06:46:58 | INFO: Extracting primitive: Cube.352
06:46:58 | INFO: Primitives created: 1
06:46:58 | INFO: Extracting primitive: Cube.353
06:46:58 | INFO: Primitives created: 1
06:46:58 | INFO: Extracting primitive: Cube.354
06:46:58 | INFO: Primitives created: 1
06:46:58 | INFO: Extracting primitive: Cube.355
06:46:58 | INFO: Primitives created: 1
06:46:58 | INFO: Extracting primitive: Cube.356
06:46:58 | INFO: Primitives created: 1
06:46:58 | INFO: Extracting primitive: Cube.357
06:46:58 | INFO: Primitives created: 1
06:46:58 | INFO: Extracting primitive: Cube.358
06:46:58 | INFO: Primitives created: 1
06:46:58 | INFO: Extracting primitive: Cube.359
06:46:58 | INFO: Primitives created: 1
06:46:58 | INFO: Extracting primitive: Cube.360
06:46:58 | INFO: Primitives created: 1
06:46:58 | INFO: Extracting primitive: Cube.361
06:46:58 | INFO: Primitives created: 1
06:46:58 | INFO: Extracting primitive: Cylinder.128
06:46:58 | INFO: Primitives created: 1
06:46:58 | INFO: Extracting primitive: Cylinder.129
06:46:58 | INFO: Primitives created: 1
06:46:58 | INFO: Extracting primitive: Cube.362
06:46:58 | INFO: Primitives created: 1
06:46:58 | INFO: Extracting primitive: Cube.363
06:46:58 | INFO: Primitives created: 1
06:46:58 | INFO: Extracting primitive: Cylinder.130
06:46:58 | INFO: Primitives created: 1
06:46:58 | INFO: Extracting primitive: Cylinder.131
06:46:58 | INFO: Primitives created: 1
06:46:58 | INFO: Extracting primitive: Cube.364
06:46:58 | INFO: Primitives created: 1
06:46:58 | INFO: Extracting primitive: Cylinder.132
06:46:58 | INFO: Primitives created: 1
06:46:58 | INFO: Extracting primitive: Cylinder.133
06:46:58 | INFO: Primitives created: 1
06:46:58 | INFO: Extracting primitive: Cylinder.134
06:46:58 | INFO: Primitives created: 1
06:46:58 | INFO: Extracting primitive: Cylinder.135
06:46:58 | INFO: Primitives created: 1
06:46:58 | INFO: Extracting primitive: Cube.365
06:46:58 | INFO: Primitives created: 1
06:46:58 | INFO: Extracting primitive: Cube.366
06:46:58 | INFO: Primitives created: 1
06:46:58 | INFO: Extracting primitive: Cube.367
06:46:58 | INFO: Primitives created: 1
06:46:58 | INFO: Extracting primitive: Cube.368
06:46:58 | INFO: Primitives created: 1
06:46:58 | INFO: Extracting primitive: Cube.369
06:46:58 | INFO: Primitives created: 1
06:46:58 | INFO: Extracting primitive: Cube.370
06:46:58 | INFO: Primitives created: 1
06:46:58 | INFO: Extracting primitive: Cube.371
06:46:58 | INFO: Primitives created: 1
06:46:58 | INFO: Extracting primitive: Cube.372
06:46:58 | INFO: Primitives created: 1
06:46:58 | INFO: Extracting primitive: Cube.373
06:46:58 | INFO: Primitives created: 1
06:46:58 | INFO: Extracting primitive: Cube.374
06:46:58 | INFO: Primitives created: 1
06:46:58 | INFO: Extracting primitive: Cube.375
06:46:58 | INFO: Primitives created: 1
06:46:58 | INFO: Extracting primitive: Cube.376
06:46:58 | INFO: Primitives created: 1
06:46:58 | INFO: Extracting primitive: Cube.377
06:46:58 | INFO: Primitives created: 1
06:46:58 | INFO: Extracting primitive: Cube.378
06:46:58 | INFO: Primitives created: 1
06:46:58 | INFO: Extracting primitive: Cylinder.136
06:46:58 | INFO: Primitives created: 1
06:46:58 | INFO: Extracting primitive: Cylinder.137
06:46:58 | INFO: Primitives created: 1
06:46:58 | INFO: Extracting primitive: Cube.379
06:46:58 | INFO: Primitives created: 1
06:46:58 | INFO: Extracting primitive: Cube.380
06:46:58 | INFO: Primitives created: 1
06:46:58 | INFO: Extracting primitive: Cylinder.138
06:46:58 | INFO: Primitives created: 1
06:46:58 | INFO: Extracting primitive: Cylinder.139
06:46:58 | INFO: Primitives created: 1
06:46:58 | INFO: Extracting primitive: Cube.381
06:46:58 | INFO: Primitives created: 1
06:46:58 | INFO: Extracting primitive: Cylinder.140
06:46:58 | INFO: Primitives created: 1
06:46:58 | INFO: Extracting primitive: Cylinder.141
06:46:58 | INFO: Primitives created: 1
06:46:58 | INFO: Extracting primitive: Cylinder.142
06:46:58 | INFO: Primitives created: 1
06:46:58 | INFO: Extracting primitive: Cylinder.143
06:46:58 | INFO: Primitives created: 1
06:46:58 | INFO: Extracting primitive: Cube.382
06:46:58 | INFO: Primitives created: 1
06:46:58 | INFO: Extracting primitive: Cube.383
06:46:58 | INFO: Primitives created: 1
06:46:58 | INFO: Extracting primitive: Cube.384
06:46:58 | INFO: Primitives created: 1
06:46:58 | INFO: Extracting primitive: V3F_FULL_COVER_PRESS_E_CAST_CROWN__MESH
06:46:58 | INFO: Primitives created: 1
06:46:58 | INFO: Extracting primitive: Cube.385
06:46:58 | INFO: Primitives created: 1
06:46:58 | INFO: Extracting primitive: Cube.386
06:46:58 | INFO: Primitives created: 1
06:46:58 | INFO: Extracting primitive: Cube.387
06:46:58 | INFO: Primitives created: 1
06:46:58 | INFO: Extracting primitive: Cube.388
06:46:58 | INFO: Primitives created: 1
06:46:58 | INFO: Extracting primitive: Cube.389
06:46:58 | INFO: Primitives created: 1
06:46:58 | INFO: Extracting primitive: Cube.390
06:46:58 | INFO: Primitives created: 1
06:46:58 | INFO: Extracting primitive: Cube.391
06:46:58 | INFO: Primitives created: 1
06:46:58 | INFO: Extracting primitive: Cube.392
06:46:58 | INFO: Primitives created: 1
06:46:58 | INFO: Extracting primitive: Cube.393
06:46:58 | INFO: Primitives created: 1
06:46:58 | INFO: Extracting primitive: Cube.394
06:46:58 | INFO: Primitives created: 1
06:46:58 | INFO: Extracting primitive: Cylinder.144
06:46:58 | INFO: Primitives created: 1
06:46:58 | INFO: Extracting primitive: Cylinder.145
06:46:58 | INFO: Primitives created: 1
06:46:58 | INFO: Extracting primitive: Cube.395
06:46:58 | INFO: Primitives created: 1
06:46:58 | INFO: Extracting primitive: Cube.396
06:46:58 | INFO: Primitives created: 1
06:46:58 | INFO: Extracting primitive: Cube.397
06:46:58 | INFO: Primitives created: 1
06:46:58 | INFO: Extracting primitive: V3F_FULL_COVER_PRESS_W_CAST_CROWN__MESH
06:46:58 | INFO: Primitives created: 1
06:46:58 | INFO: Extracting primitive: Cube.398
06:46:58 | INFO: Primitives created: 1
06:46:58 | INFO: Extracting primitive: Cube.399
06:46:58 | INFO: Primitives created: 1
06:46:58 | INFO: Extracting primitive: Cube.400
06:46:58 | INFO: Primitives created: 1
06:46:58 | INFO: Extracting primitive: Cube.401
06:46:58 | INFO: Primitives created: 1
06:46:58 | INFO: Extracting primitive: Cube.402
06:46:58 | INFO: Primitives created: 1
06:46:58 | INFO: Extracting primitive: Cube.403
06:46:58 | INFO: Primitives created: 1
06:46:58 | INFO: Extracting primitive: Cube.404
06:46:58 | INFO: Primitives created: 1
06:46:58 | INFO: Extracting primitive: Cube.405
06:46:58 | INFO: Primitives created: 1
06:46:58 | INFO: Extracting primitive: Cube.406
06:46:58 | INFO: Primitives created: 1
06:46:58 | INFO: Extracting primitive: Cube.407
06:46:58 | INFO: Primitives created: 1
06:46:58 | INFO: Extracting primitive: Cylinder.146
06:46:58 | INFO: Primitives created: 1
06:46:58 | INFO: Extracting primitive: Cylinder.147
06:46:58 | INFO: Primitives created: 1
06:46:58 | INFO: Extracting primitive: Cube.408
06:46:58 | INFO: Primitives created: 1
06:46:58 | INFO: Extracting primitive: Cube.409
06:46:58 | INFO: Primitives created: 1
06:46:58 | INFO: Extracting primitive: Cube.410
06:46:58 | INFO: Primitives created: 1
06:46:58 | INFO: Extracting primitive: Cube.411
06:46:58 | INFO: Primitives created: 1
06:46:58 | INFO: Extracting primitive: Cylinder.148
06:46:58 | INFO: Primitives created: 1
06:46:58 | INFO: Extracting primitive: Cylinder.149
06:46:58 | INFO: Primitives created: 1
06:46:58 | INFO: Extracting primitive: Cube.412
06:46:58 | INFO: Primitives created: 1
06:46:58 | INFO: Extracting primitive: Cube.413
06:46:58 | INFO: Primitives created: 1
06:46:58 | INFO: Extracting primitive: Cube.414
06:46:58 | INFO: Primitives created: 1
06:46:58 | INFO: Extracting primitive: Cube.415
06:46:58 | INFO: Primitives created: 1
06:46:58 | INFO: Extracting primitive: Cylinder.150
06:46:58 | INFO: Primitives created: 1
06:46:58 | INFO: Extracting primitive: Cylinder.151
06:46:58 | INFO: Primitives created: 1
06:46:58 | INFO: Extracting primitive: Cube.416
06:46:58 | INFO: Primitives created: 1
06:46:58 | INFO: Extracting primitive: Cube.417
06:46:58 | INFO: Primitives created: 1
06:46:58 | INFO: Extracting primitive: Cube.418
06:46:58 | INFO: Primitives created: 1
06:46:58 | INFO: Extracting primitive: Cube.419
06:46:58 | INFO: Primitives created: 1
06:46:58 | INFO: Extracting primitive: Cylinder.152
06:46:58 | INFO: Primitives created: 1
06:46:58 | INFO: Extracting primitive: Cylinder.153
06:46:58 | INFO: Primitives created: 1
06:46:58 | INFO: Extracting primitive: Cube.420
06:46:58 | INFO: Primitives created: 1
06:46:58 | INFO: Extracting primitive: Cube.421
06:46:58 | INFO: Primitives created: 1
06:46:58 | INFO: Extracting primitive: Cube.422
06:46:58 | INFO: Primitives created: 1
06:46:58 | INFO: Extracting primitive: Cube.423
06:46:58 | INFO: Primitives created: 1
06:46:58 | INFO: Extracting primitive: Cylinder.154
06:46:58 | INFO: Primitives created: 1
06:46:58 | INFO: Extracting primitive: Cylinder.155
06:46:58 | INFO: Primitives created: 1
06:46:58 | INFO: Extracting primitive: Cylinder.156
06:46:58 | INFO: Primitives created: 1
06:46:58 | INFO: Extracting primitive: Cylinder.157
06:46:58 | INFO: Primitives created: 1
06:46:58 | INFO: Extracting primitive: Cylinder.158
06:46:58 | INFO: Primitives created: 1
06:46:58 | INFO: Extracting primitive: Cylinder.159
06:46:58 | INFO: Primitives created: 1
06:46:58 | INFO: Extracting primitive: Cylinder.160
06:46:58 | INFO: Primitives created: 1
06:46:58 | INFO: Extracting primitive: Cylinder.161
06:46:58 | INFO: Primitives created: 1
06:46:58 | INFO: Extracting primitive: Cylinder.162
06:46:58 | INFO: Primitives created: 1
06:46:58 | INFO: Extracting primitive: Cylinder.163
06:46:58 | INFO: Primitives created: 1
06:46:58 | INFO: Extracting primitive: Cylinder.164
06:46:58 | INFO: Primitives created: 1
06:46:58 | INFO: Extracting primitive: Cylinder.165
06:46:58 | INFO: Primitives created: 1
06:46:58 | INFO: Extracting primitive: Cylinder.166
06:46:58 | INFO: Primitives created: 1
06:46:58 | INFO: Extracting primitive: Cube.424
06:46:58 | INFO: Primitives created: 1
06:46:58 | INFO: Extracting primitive: Cylinder.167
06:46:58 | INFO: Primitives created: 1
06:46:58 | INFO: Extracting primitive: Cylinder.168
06:46:58 | INFO: Primitives created: 1
06:46:58 | INFO: Extracting primitive: Cube.425
06:46:58 | INFO: Primitives created: 1
06:46:58 | INFO: Extracting primitive: Cylinder.169
06:46:58 | INFO: Primitives created: 1
06:46:58 | INFO: Extracting primitive: Cylinder.170
06:46:58 | INFO: Primitives created: 1
06:46:58 | INFO: Extracting primitive: Cube.426
06:46:58 | INFO: Primitives created: 1
06:46:58 | INFO: Extracting primitive: Cylinder.171
06:46:58 | INFO: Primitives created: 1
06:46:58 | INFO: Extracting primitive: Cylinder.172
06:46:58 | INFO: Primitives created: 1
06:46:58 | INFO: Extracting primitive: Cube.427
06:46:58 | INFO: Primitives created: 1
06:46:58 | INFO: Extracting primitive: Cylinder.173
06:46:58 | INFO: Primitives created: 1
06:46:58 | INFO: Extracting primitive: Cylinder.174
06:46:58 | INFO: Primitives created: 1
06:46:58 | INFO: Extracting primitive: Cube.428
06:46:58 | INFO: Primitives created: 1
06:46:58 | INFO: Extracting primitive: Cylinder.175
06:46:58 | INFO: Primitives created: 1
06:46:58 | INFO: Extracting primitive: Cylinder.176
06:46:58 | INFO: Primitives created: 1
06:46:58 | INFO: Extracting primitive: V3F_SOUTH_TENSION_SYSTEM_DRIVE_GUARD__MESH
06:46:58 | INFO: Primitives created: 1
06:46:58 | INFO: Extracting primitive: Cylinder.177
06:46:58 | INFO: Primitives created: 1
06:46:58 | INFO: Extracting primitive: Cylinder.178
06:46:58 | INFO: Primitives created: 1
06:46:58 | INFO: Extracting primitive: Cylinder.179
06:46:58 | INFO: Primitives created: 1
06:46:58 | INFO: Extracting primitive: Cylinder.180
06:46:58 | INFO: Primitives created: 1
06:46:58 | INFO: Extracting primitive: Cylinder.181
06:46:58 | INFO: Primitives created: 1
06:46:58 | INFO: Extracting primitive: Cylinder.182
06:46:58 | INFO: Primitives created: 1
06:46:58 | INFO: Extracting primitive: Cylinder.183
06:46:58 | INFO: Primitives created: 1
06:46:58 | INFO: Extracting primitive: Cube.429
06:46:58 | INFO: Primitives created: 1
06:46:58 | INFO: Extracting primitive: Cube.430
06:46:58 | INFO: Primitives created: 1
06:46:58 | INFO: Extracting primitive: Cube.431
06:46:58 | INFO: Primitives created: 1
06:46:58 | INFO: Extracting primitive: Cube.432
06:46:58 | INFO: Primitives created: 1
06:46:58 | INFO: Extracting primitive: Cube.433
06:46:58 | INFO: Primitives created: 1
06:46:58 | INFO: Extracting primitive: Cube.434
06:46:58 | INFO: Primitives created: 1
06:46:58 | INFO: Extracting primitive: Cube.435
06:46:58 | INFO: Primitives created: 1
06:46:58 | INFO: Extracting primitive: Cube.436
06:46:58 | INFO: Primitives created: 1
06:46:58 | INFO: Extracting primitive: Cube.437
06:46:58 | INFO: Primitives created: 1
06:46:58 | INFO: Extracting primitive: Cylinder.184
06:46:58 | INFO: Primitives created: 1
06:46:58 | INFO: Extracting primitive: Cube.438
06:46:58 | INFO: Primitives created: 1
06:46:58 | INFO: Extracting primitive: Cylinder.185
06:46:58 | INFO: Primitives created: 1
06:46:58 | INFO: Extracting primitive: Cylinder.186
06:46:58 | INFO: Primitives created: 1
06:46:58 | INFO: Extracting primitive: Cylinder.187
06:46:58 | INFO: Primitives created: 1
06:46:58 | INFO: Extracting primitive: Cylinder.188
06:46:58 | INFO: Primitives created: 1
06:46:58 | INFO: Extracting primitive: Cylinder.189
06:46:58 | INFO: Primitives created: 1
06:46:58 | INFO: Extracting primitive: Cylinder.190
06:46:58 | INFO: Primitives created: 1
06:46:58 | INFO: Extracting primitive: Cylinder.191
06:46:58 | INFO: Primitives created: 1
06:46:58 | INFO: Extracting primitive: Cylinder.192
06:46:58 | INFO: Primitives created: 1
06:46:58 | INFO: Extracting primitive: Cube.439
06:46:58 | INFO: Primitives created: 1
06:46:58 | INFO: Finished glTF 2.0 export in 0.6707372665405273 s

G5_PRESS_HALL_V3_FINAL={"manifest": "C:\\AI Projects\\Projects\\Games\\evio\\evio-repo\\assets\\source\\maps\\inkfall-foundry\\art-kit\\press-hall-final-art-v3\\final\\manifest.press-hall-final-art-v3.json", "report": "C:\\AI Projects\\Projects\\Games\\evio\\evio-repo\\assets\\source\\maps\\inkfall-foundry\\art-kit\\press-hall-final-art-v3\\final\\validation\\press-hall-final-art-v3-build-report.json", "status": "BOUNDED_PRESS_HALL_FINAL_ART_V3_BUILD_PASS", "visualDecision": "PENDING_PARENT_FINAL_REVIEW"}
Blender 5.1.2 (hash ec6e62d40fa9 built 2026-05-19 01:37:34)

Blender quit
