00:01.329  blend            | Read blend: "C:\AI Projects\Projects\Games\evio\evio-repo\assets\source\maps\inkfall-foundry\art-kit\press-hall-final-art-v3\final\source\inkfall_foundry_press_hall_final_art_v3.blend"
C:\AI Projects\Projects\Games\evio\evio-repo\assets\source\maps\inkfall-foundry\art-kit\press-hall-final-art-v3\build_press_hall_readability_v3_2.py:194: DeprecationWarning: 'World.use_nodes' is expected to be removed in Blender 6.0
  scene.world.use_nodes = True
00:02.313  render           | Saved: 'C:\AI Projects\Projects\Games\evio\evio-repo\assets\source\maps\inkfall-foundry\art-kit\press-hall-final-art-v3\readability-v3-2\renders\inkfall-press-hall-v3-2-gameplay_lane-color.png'
00:02.672  render           | Saved: 'C:\AI Projects\Projects\Games\evio\evio-repo\assets\source\maps\inkfall-foundry\art-kit\press-hall-final-art-v3\readability-v3-2\renders\inkfall-press-hall-v3-2-gameplay_north-color.png'
00:03.032  render           | Saved: 'C:\AI Projects\Projects\Games\evio\evio-repo\assets\source\maps\inkfall-foundry\art-kit\press-hall-final-art-v3\readability-v3-2\renders\inkfall-press-hall-v3-2-gameplay_south-color.png'
00:03.407  render           | Saved: 'C:\AI Projects\Projects\Games\evio\evio-repo\assets\source\maps\inkfall-foundry\art-kit\press-hall-final-art-v3\readability-v3-2\renders\inkfall-press-hall-v3-2-north_force-color.png'
00:03.813  render           | Saved: 'C:\AI Projects\Projects\Games\evio\evio-repo\assets\source\maps\inkfall-foundry\art-kit\press-hall-final-art-v3\readability-v3-2\renders\inkfall-press-hall-v3-2-south_tension-color.png'
00:04.204  render           | Saved: 'C:\AI Projects\Projects\Games\evio\evio-repo\assets\source\maps\inkfall-foundry\art-kit\press-hall-final-art-v3\readability-v3-2\renders\inkfall-press-hall-v3-2-baffle_detail-color.png'
00:04.594  render           | Saved: 'C:\AI Projects\Projects\Games\evio\evio-repo\assets\source\maps\inkfall-foundry\art-kit\press-hall-final-art-v3\readability-v3-2\renders\inkfall-press-hall-v3-2-cover_detail-color.png'
00:05.000  render           | Saved: 'C:\AI Projects\Projects\Games\evio\evio-repo\assets\source\maps\inkfall-foundry\art-kit\press-hall-final-art-v3\readability-v3-2\renders\inkfall-press-hall-v3-2-overhead_context-color.png'
00:05.391  render           | Saved: 'C:\AI Projects\Projects\Games\evio\evio-repo\assets\source\maps\inkfall-foundry\art-kit\press-hall-final-art-v3\readability-v3-2\renders\inkfall-press-hall-v3-2-gameplay_north-neutral.png'
00:05.766  render           | Saved: 'C:\AI Projects\Projects\Games\evio\evio-repo\assets\source\maps\inkfall-foundry\art-kit\press-hall-final-art-v3\readability-v3-2\renders\inkfall-press-hall-v3-2-gameplay_south-neutral.png'
00:06.157  render           | Saved: 'C:\AI Projects\Projects\Games\evio\evio-repo\assets\source\maps\inkfall-foundry\art-kit\press-hall-final-art-v3\readability-v3-2\renders\inkfall-press-hall-v3-2-north_force-neutral.png'
00:06.563  render           | Saved: 'C:\AI Projects\Projects\Games\evio\evio-repo\assets\source\maps\inkfall-foundry\art-kit\press-hall-final-art-v3\readability-v3-2\renders\inkfall-press-hall-v3-2-south_tension-neutral.png'
C:\AI Projects\Projects\Games\evio\evio-repo\assets\source\maps\inkfall-foundry\art-kit\press-hall-final-art-v3\build_press_hall_readability_v3_2.py:452: DeprecationWarning: 'Material.use_nodes' is expected to be removed in Blender 6.0
  if material and material.use_nodes and material.node_tree:
Info: Saved as "inkfall_foundry_press_hall_readability_v3_2.blend"
Info: Saved as "inkfall_foundry_press_hall_readability_v3_2.blend"
INFO Draco mesh compression is available, use library at C:\Program Files\Blender Foundation\Blender 5.1\5.1\scripts\addons_core\io_scene_gltf2\extern_draco.dll
06:58:53 | INFO: Starting glTF 2.0 export
06:58:53 | INFO: Extracting primitive: Cube
06:58:53 | INFO: Primitives created: 1
06:58:53 | INFO: Extracting primitive: Cube.001
06:58:53 | INFO: Primitives created: 1
06:58:53 | INFO: Extracting primitive: Cube.003
06:58:53 | INFO: Primitives created: 1
06:58:53 | INFO: Extracting primitive: Cube.004
06:58:53 | INFO: Primitives created: 1
06:58:53 | INFO: Extracting primitive: Cube.005
06:58:53 | INFO: Primitives created: 1
06:58:53 | INFO: Extracting primitive: Cube.006
06:58:53 | INFO: Primitives created: 1
06:58:53 | INFO: Extracting primitive: Cube.007
06:58:53 | INFO: Primitives created: 1
06:58:53 | INFO: Extracting primitive: Cube.008
06:58:53 | INFO: Primitives created: 1
06:58:53 | INFO: Extracting primitive: Cube.009
06:58:53 | INFO: Primitives created: 1
06:58:53 | INFO: Extracting primitive: Cube.010
06:58:53 | INFO: Primitives created: 1
06:58:53 | INFO: Extracting primitive: Cube.011
06:58:53 | INFO: Primitives created: 1
06:58:53 | INFO: Extracting primitive: Cube.013
06:58:53 | INFO: Primitives created: 1
06:58:53 | INFO: Extracting primitive: Cube.014
06:58:53 | INFO: Primitives created: 1
06:58:53 | INFO: Extracting primitive: Cube.016
06:58:53 | INFO: Primitives created: 1
06:58:53 | INFO: Extracting primitive: Cube.017
06:58:53 | INFO: Primitives created: 1
06:58:53 | INFO: Extracting primitive: Cube.018
06:58:53 | INFO: Primitives created: 1
06:58:53 | INFO: Extracting primitive: Cube.019
06:58:53 | INFO: Primitives created: 1
06:58:53 | INFO: Extracting primitive: Cube.020
06:58:53 | INFO: Primitives created: 1
06:58:53 | INFO: Extracting primitive: Cube.021
06:58:53 | INFO: Primitives created: 1
06:58:53 | INFO: Extracting primitive: Cube.022
06:58:53 | INFO: Primitives created: 1
06:58:53 | INFO: Extracting primitive: Cube.023
06:58:53 | INFO: Primitives created: 1
06:58:53 | INFO: Extracting primitive: Cube.024
06:58:53 | INFO: Primitives created: 1
06:58:53 | INFO: Extracting primitive: Cube.025
06:58:53 | INFO: Primitives created: 1
06:58:53 | INFO: Extracting primitive: Cube.026
06:58:53 | INFO: Primitives created: 1
06:58:53 | INFO: Extracting primitive: Cube.028
06:58:53 | INFO: Primitives created: 1
06:58:53 | INFO: Extracting primitive: Cube.029
06:58:53 | INFO: Primitives created: 1
06:58:53 | INFO: Extracting primitive: Cube.030
06:58:53 | INFO: Primitives created: 1
06:58:53 | INFO: Extracting primitive: Cube.031
06:58:53 | INFO: Primitives created: 1
06:58:53 | INFO: Extracting primitive: Cube.032
06:58:53 | INFO: Primitives created: 1
06:58:53 | INFO: Extracting primitive: Cube.033
06:58:53 | INFO: Primitives created: 1
06:58:53 | INFO: Extracting primitive: Cube.034
06:58:53 | INFO: Primitives created: 1
06:58:53 | INFO: Extracting primitive: Cube.035
06:58:53 | INFO: Primitives created: 1
06:58:53 | INFO: Extracting primitive: Cube.036
06:58:53 | INFO: Primitives created: 1
06:58:53 | INFO: Extracting primitive: Cube.037
06:58:53 | INFO: Primitives created: 1
06:58:53 | INFO: Extracting primitive: Cube.038
06:58:53 | INFO: Primitives created: 1
06:58:53 | INFO: Extracting primitive: Cube.040
06:58:53 | INFO: Primitives created: 1
06:58:53 | INFO: Extracting primitive: Cube.041
06:58:53 | INFO: Primitives created: 1
06:58:53 | INFO: Extracting primitive: Cube.043
06:58:53 | INFO: Primitives created: 1
06:58:53 | INFO: Extracting primitive: Cube.044
06:58:53 | INFO: Primitives created: 1
06:58:53 | INFO: Extracting primitive: Cube.045
06:58:53 | INFO: Primitives created: 1
06:58:53 | INFO: Extracting primitive: Cube.046
06:58:53 | INFO: Primitives created: 1
06:58:53 | INFO: Extracting primitive: Cube.047
06:58:53 | INFO: Primitives created: 1
06:58:53 | INFO: Extracting primitive: Cube.048
06:58:53 | INFO: Primitives created: 1
06:58:53 | INFO: Extracting primitive: Cube.049
06:58:53 | INFO: Primitives created: 1
06:58:53 | INFO: Extracting primitive: Cube.050
06:58:53 | INFO: Primitives created: 1
06:58:53 | INFO: Extracting primitive: Cube.051
06:58:53 | INFO: Primitives created: 1
06:58:53 | INFO: Extracting primitive: Cube.053
06:58:53 | INFO: Primitives created: 1
06:58:53 | INFO: Extracting primitive: Cube.054
06:58:53 | INFO: Primitives created: 1
06:58:53 | INFO: Extracting primitive: Cube.056
06:58:53 | INFO: Primitives created: 1
06:58:53 | INFO: Extracting primitive: Cube.057
06:58:53 | INFO: Primitives created: 1
06:58:53 | INFO: Extracting primitive: Cube.058
06:58:53 | INFO: Primitives created: 1
06:58:53 | INFO: Extracting primitive: Cube.059
06:58:53 | INFO: Primitives created: 1
06:58:53 | INFO: Extracting primitive: Cube.060
06:58:53 | INFO: Primitives created: 1
06:58:53 | INFO: Extracting primitive: Cube.061
06:58:53 | INFO: Primitives created: 1
06:58:53 | INFO: Extracting primitive: Cube.062
06:58:53 | INFO: Primitives created: 1
06:58:53 | INFO: Extracting primitive: Cube.063
06:58:53 | INFO: Primitives created: 1
06:58:53 | INFO: Extracting primitive: Cube.064
06:58:53 | INFO: Primitives created: 1
06:58:53 | INFO: Extracting primitive: Cube.065
06:58:53 | INFO: Primitives created: 1
06:58:53 | INFO: Extracting primitive: Cube.066
06:58:53 | INFO: Primitives created: 1
06:58:53 | INFO: Extracting primitive: Cube.067
06:58:53 | INFO: Primitives created: 1
06:58:53 | INFO: Extracting primitive: Cube.068
06:58:53 | INFO: Primitives created: 1
06:58:53 | INFO: Extracting primitive: Cube.069
06:58:53 | INFO: Primitives created: 1
06:58:53 | INFO: Extracting primitive: Cube.070
06:58:53 | INFO: Primitives created: 1
06:58:53 | INFO: Extracting primitive: Cube.071
06:58:53 | INFO: Primitives created: 1
06:58:53 | INFO: Extracting primitive: Cube.072
06:58:53 | INFO: Primitives created: 1
06:58:53 | INFO: Extracting primitive: Cube.075
06:58:53 | INFO: Primitives created: 1
06:58:53 | INFO: Extracting primitive: Cube.076
06:58:53 | INFO: Primitives created: 1
06:58:53 | INFO: Extracting primitive: Cube.079
06:58:53 | INFO: Primitives created: 1
06:58:53 | INFO: Extracting primitive: Cube.080
06:58:53 | INFO: Primitives created: 1
06:58:53 | INFO: Extracting primitive: Cube.083
06:58:53 | INFO: Primitives created: 1
06:58:53 | INFO: Extracting primitive: Cube.084
06:58:53 | INFO: Primitives created: 1
06:58:53 | INFO: Extracting primitive: Cube.087
06:58:53 | INFO: Primitives created: 1
06:58:53 | INFO: Extracting primitive: Cube.088
06:58:53 | INFO: Primitives created: 1
06:58:53 | INFO: Extracting primitive: Cube.091
06:58:53 | INFO: Primitives created: 1
06:58:53 | INFO: Extracting primitive: Cube.092
06:58:53 | INFO: Primitives created: 1
06:58:53 | INFO: Extracting primitive: Cube.095
06:58:53 | INFO: Primitives created: 1
06:58:53 | INFO: Extracting primitive: Cube.096
06:58:53 | INFO: Primitives created: 1
06:58:53 | INFO: Extracting primitive: Cube.099
06:58:53 | INFO: Primitives created: 1
06:58:53 | INFO: Extracting primitive: Cube.100
06:58:53 | INFO: Primitives created: 1
06:58:53 | INFO: Extracting primitive: Cube.103
06:58:53 | INFO: Primitives created: 1
06:58:53 | INFO: Extracting primitive: Cube.104
06:58:53 | INFO: Primitives created: 1
06:58:53 | INFO: Extracting primitive: Cube.107
06:58:53 | INFO: Primitives created: 1
06:58:53 | INFO: Extracting primitive: Cube.108
06:58:53 | INFO: Primitives created: 1
06:58:53 | INFO: Extracting primitive: Cube.111
06:58:53 | INFO: Primitives created: 1
06:58:53 | INFO: Extracting primitive: Cube.112
06:58:53 | INFO: Primitives created: 1
06:58:53 | INFO: Extracting primitive: Cube.115
06:58:53 | INFO: Primitives created: 1
06:58:53 | INFO: Extracting primitive: Cube.116
06:58:53 | INFO: Primitives created: 1
06:58:53 | INFO: Extracting primitive: Cube.119
06:58:53 | INFO: Primitives created: 1
06:58:53 | INFO: Extracting primitive: Cube.120
06:58:53 | INFO: Primitives created: 1
06:58:53 | INFO: Extracting primitive: Cube.123
06:58:53 | INFO: Primitives created: 1
06:58:53 | INFO: Extracting primitive: Cube.124
06:58:53 | INFO: Primitives created: 1
06:58:53 | INFO: Extracting primitive: Cube.127
06:58:53 | INFO: Primitives created: 1
06:58:53 | INFO: Extracting primitive: Cube.128
06:58:53 | INFO: Primitives created: 1
06:58:53 | INFO: Extracting primitive: Cube.131
06:58:53 | INFO: Primitives created: 1
06:58:53 | INFO: Extracting primitive: Cube.132
06:58:53 | INFO: Primitives created: 1
06:58:53 | INFO: Extracting primitive: Cube.135
06:58:53 | INFO: Primitives created: 1
06:58:53 | INFO: Extracting primitive: Cube.136
06:58:53 | INFO: Primitives created: 1
06:58:53 | INFO: Extracting primitive: Cube.137
06:58:53 | INFO: Primitives created: 1
06:58:53 | INFO: Extracting primitive: Cube.138
06:58:53 | INFO: Primitives created: 1
06:58:53 | INFO: Extracting primitive: Cube.139
06:58:53 | INFO: Primitives created: 1
06:58:53 | INFO: Extracting primitive: Cube.140
06:58:53 | INFO: Primitives created: 1
06:58:53 | INFO: Extracting primitive: Cube.141
06:58:53 | INFO: Primitives created: 1
06:58:53 | INFO: Extracting primitive: Cube.143
06:58:53 | INFO: Primitives created: 1
06:58:53 | INFO: Extracting primitive: Cube.144
06:58:53 | INFO: Primitives created: 1
06:58:53 | INFO: Extracting primitive: Cube.145
06:58:53 | INFO: Primitives created: 1
06:58:53 | INFO: Extracting primitive: Cube.146
06:58:53 | INFO: Primitives created: 1
06:58:53 | INFO: Extracting primitive: Cube.147
06:58:53 | INFO: Primitives created: 1
06:58:53 | INFO: Extracting primitive: Cube.148
06:58:53 | INFO: Primitives created: 1
06:58:53 | INFO: Extracting primitive: Cube.149
06:58:53 | INFO: Primitives created: 1
06:58:53 | INFO: Extracting primitive: Cube.151
06:58:53 | INFO: Primitives created: 1
06:58:53 | INFO: Extracting primitive: Cube.153
06:58:53 | INFO: Primitives created: 1
06:58:53 | INFO: Extracting primitive: Cube.155
06:58:53 | INFO: Primitives created: 1
06:58:53 | INFO: Extracting primitive: Cube.159
06:58:53 | INFO: Primitives created: 1
06:58:53 | INFO: Extracting primitive: Cube.161
06:58:53 | INFO: Primitives created: 1
06:58:53 | INFO: Extracting primitive: Cube.163
06:58:53 | INFO: Primitives created: 1
06:58:53 | INFO: Extracting primitive: Cube.167
06:58:53 | INFO: Primitives created: 1
06:58:53 | INFO: Extracting primitive: Cube.169
06:58:53 | INFO: Primitives created: 1
06:58:53 | INFO: Extracting primitive: Cube.171
06:58:53 | INFO: Primitives created: 1
06:58:53 | INFO: Extracting primitive: Cube.175
06:58:53 | INFO: Primitives created: 1
06:58:53 | INFO: Extracting primitive: Cube.177
06:58:53 | INFO: Primitives created: 1
06:58:53 | INFO: Extracting primitive: Cube.179
06:58:53 | INFO: Primitives created: 1
06:58:53 | INFO: Extracting primitive: Cube.183
06:58:53 | INFO: Primitives created: 1
06:58:53 | INFO: Extracting primitive: Cube.185
06:58:53 | INFO: Primitives created: 1
06:58:53 | INFO: Extracting primitive: Cube.187
06:58:53 | INFO: Primitives created: 1
06:58:53 | INFO: Extracting primitive: Cube.191
06:58:53 | INFO: Primitives created: 1
06:58:53 | INFO: Extracting primitive: Cube.193
06:58:53 | INFO: Primitives created: 1
06:58:53 | INFO: Extracting primitive: Cube.195
06:58:53 | INFO: Primitives created: 1
06:58:53 | INFO: Extracting primitive: Cube.002
06:58:53 | INFO: Primitives created: 1
06:58:53 | INFO: Extracting primitive: Cube.012
06:58:53 | INFO: Primitives created: 1
06:58:53 | INFO: Extracting primitive: Cube.015
06:58:53 | INFO: Primitives created: 1
06:58:53 | INFO: Extracting primitive: Cube.027
06:58:53 | INFO: Primitives created: 1
06:58:53 | INFO: Extracting primitive: Cube.039
06:58:53 | INFO: Primitives created: 1
06:58:53 | INFO: Extracting primitive: Cube.042
06:58:53 | INFO: Primitives created: 1
06:58:53 | INFO: Extracting primitive: Cube.052
06:58:53 | INFO: Primitives created: 1
06:58:53 | INFO: Extracting primitive: Cube.055
06:58:53 | INFO: Primitives created: 1
06:58:53 | INFO: Extracting primitive: PH_ROUTE_CHEVRON_00__MESH
06:58:53 | INFO: Primitives created: 1
06:58:53 | INFO: Extracting primitive: PH_ROUTE_CHEVRON_01__MESH
06:58:53 | INFO: Primitives created: 1
06:58:53 | INFO: Extracting primitive: PH_ROUTE_CHEVRON_02__MESH
06:58:53 | INFO: Primitives created: 1
06:58:53 | INFO: Extracting primitive: PH_ROUTE_CHEVRON_03__MESH
06:58:53 | INFO: Primitives created: 1
06:58:53 | INFO: Extracting primitive: Cube.073
06:58:53 | INFO: Primitives created: 1
06:58:53 | INFO: Extracting primitive: Cube.074
06:58:53 | INFO: Primitives created: 1
06:58:53 | INFO: Extracting primitive: Cube.077
06:58:53 | INFO: Primitives created: 1
06:58:53 | INFO: Extracting primitive: Cube.078
06:58:53 | INFO: Primitives created: 1
06:58:53 | INFO: Extracting primitive: Cube.081
06:58:53 | INFO: Primitives created: 1
06:58:53 | INFO: Extracting primitive: Cube.082
06:58:53 | INFO: Primitives created: 1
06:58:53 | INFO: Extracting primitive: Cube.085
06:58:53 | INFO: Primitives created: 1
06:58:53 | INFO: Extracting primitive: Cube.086
06:58:53 | INFO: Primitives created: 1
06:58:53 | INFO: Extracting primitive: Cube.089
06:58:53 | INFO: Primitives created: 1
06:58:53 | INFO: Extracting primitive: Cube.090
06:58:53 | INFO: Primitives created: 1
06:58:53 | INFO: Extracting primitive: Cube.093
06:58:53 | INFO: Primitives created: 1
06:58:53 | INFO: Extracting primitive: Cube.094
06:58:53 | INFO: Primitives created: 1
06:58:53 | INFO: Extracting primitive: Cube.097
06:58:53 | INFO: Primitives created: 1
06:58:53 | INFO: Extracting primitive: Cube.098
06:58:53 | INFO: Primitives created: 1
06:58:53 | INFO: Extracting primitive: Cube.101
06:58:53 | INFO: Primitives created: 1
06:58:53 | INFO: Extracting primitive: Cube.102
06:58:53 | INFO: Primitives created: 1
06:58:53 | INFO: Extracting primitive: Cube.105
06:58:53 | INFO: Primitives created: 1
06:58:53 | INFO: Extracting primitive: Cube.106
06:58:53 | INFO: Primitives created: 1
06:58:53 | INFO: Extracting primitive: Cube.109
06:58:53 | INFO: Primitives created: 1
06:58:53 | INFO: Extracting primitive: Cube.110
06:58:53 | INFO: Primitives created: 1
06:58:53 | INFO: Extracting primitive: Cube.113
06:58:53 | INFO: Primitives created: 1
06:58:53 | INFO: Extracting primitive: Cube.114
06:58:53 | INFO: Primitives created: 1
06:58:53 | INFO: Extracting primitive: Cube.117
06:58:53 | INFO: Primitives created: 1
06:58:53 | INFO: Extracting primitive: Cube.118
06:58:53 | INFO: Primitives created: 1
06:58:53 | INFO: Extracting primitive: Cube.121
06:58:53 | INFO: Primitives created: 1
06:58:53 | INFO: Extracting primitive: Cube.122
06:58:53 | INFO: Primitives created: 1
06:58:53 | INFO: Extracting primitive: Cube.125
06:58:53 | INFO: Primitives created: 1
06:58:53 | INFO: Extracting primitive: Cube.126
06:58:53 | INFO: Primitives created: 1
06:58:53 | INFO: Extracting primitive: Cube.129
06:58:53 | INFO: Primitives created: 1
06:58:53 | INFO: Extracting primitive: Cube.130
06:58:53 | INFO: Primitives created: 1
06:58:53 | INFO: Extracting primitive: Cube.133
06:58:53 | INFO: Primitives created: 1
06:58:53 | INFO: Extracting primitive: Cube.134
06:58:53 | INFO: Primitives created: 1
06:58:53 | INFO: Extracting primitive: Cube.142
06:58:53 | INFO: Primitives created: 1
06:58:53 | INFO: Extracting primitive: Cube.150
06:58:53 | INFO: Primitives created: 1
06:58:53 | INFO: Extracting primitive: Cube.152
06:58:53 | INFO: Primitives created: 1
06:58:53 | INFO: Extracting primitive: Cube.154
06:58:53 | INFO: Primitives created: 1
06:58:53 | INFO: Extracting primitive: Cube.156
06:58:53 | INFO: Primitives created: 1
06:58:53 | INFO: Extracting primitive: Cube.157
06:58:53 | INFO: Primitives created: 1
06:58:53 | INFO: Extracting primitive: Cube.158
06:58:53 | INFO: Primitives created: 1
06:58:53 | INFO: Extracting primitive: Cube.160
06:58:53 | INFO: Primitives created: 1
06:58:53 | INFO: Extracting primitive: Cube.162
06:58:53 | INFO: Primitives created: 1
06:58:53 | INFO: Extracting primitive: Cube.164
06:58:53 | INFO: Primitives created: 1
06:58:53 | INFO: Extracting primitive: Cube.165
06:58:53 | INFO: Primitives created: 1
06:58:53 | INFO: Extracting primitive: Cube.166
06:58:53 | INFO: Primitives created: 1
06:58:53 | INFO: Extracting primitive: Cube.168
06:58:53 | INFO: Primitives created: 1
06:58:53 | INFO: Extracting primitive: Cube.170
06:58:53 | INFO: Primitives created: 1
06:58:53 | INFO: Extracting primitive: Cube.172
06:58:53 | INFO: Primitives created: 1
06:58:53 | INFO: Extracting primitive: Cube.173
06:58:53 | INFO: Primitives created: 1
06:58:53 | INFO: Extracting primitive: Cube.174
06:58:53 | INFO: Primitives created: 1
06:58:53 | INFO: Extracting primitive: Cube.176
06:58:53 | INFO: Primitives created: 1
06:58:53 | INFO: Extracting primitive: Cube.178
06:58:53 | INFO: Primitives created: 1
06:58:53 | INFO: Extracting primitive: Cube.180
06:58:53 | INFO: Primitives created: 1
06:58:53 | INFO: Extracting primitive: Cube.181
06:58:53 | INFO: Primitives created: 1
06:58:53 | INFO: Extracting primitive: Cube.182
06:58:53 | INFO: Primitives created: 1
06:58:53 | INFO: Extracting primitive: Cube.184
06:58:53 | INFO: Primitives created: 1
06:58:53 | INFO: Extracting primitive: Cube.186
06:58:53 | INFO: Primitives created: 1
06:58:53 | INFO: Extracting primitive: Cube.188
06:58:53 | INFO: Primitives created: 1
06:58:53 | INFO: Extracting primitive: Cube.189
06:58:53 | INFO: Primitives created: 1
06:58:53 | INFO: Extracting primitive: Cube.190
06:58:53 | INFO: Primitives created: 1
06:58:53 | INFO: Extracting primitive: Cube.192
06:58:53 | INFO: Primitives created: 1
06:58:53 | INFO: Extracting primitive: Cube.194
06:58:53 | INFO: Primitives created: 1
06:58:53 | INFO: Extracting primitive: Cube.196
06:58:53 | INFO: Primitives created: 1
06:58:53 | INFO: Extracting primitive: Cube.197
06:58:53 | INFO: Primitives created: 1
06:58:53 | INFO: Extracting primitive: Cube.198
06:58:53 | INFO: Primitives created: 1
06:58:53 | INFO: Extracting primitive: Cube.240
06:58:53 | INFO: Primitives created: 1
06:58:53 | INFO: Extracting primitive: Cube.242
06:58:53 | INFO: Primitives created: 1
06:58:53 | INFO: Extracting primitive: Torus.006
06:58:53 | INFO: Primitives created: 1
06:58:53 | INFO: Extracting primitive: Cube.243
06:58:53 | INFO: Primitives created: 1
06:58:53 | INFO: Extracting primitive: Cube.244
06:58:53 | INFO: Primitives created: 1
06:58:53 | INFO: Extracting primitive: Cube.245
06:58:53 | INFO: Primitives created: 1
06:58:53 | INFO: Extracting primitive: Torus.007
06:58:53 | INFO: Primitives created: 1
06:58:53 | INFO: Extracting primitive: Cube.247
06:58:53 | INFO: Primitives created: 1
06:58:53 | INFO: Extracting primitive: Cube.248
06:58:53 | INFO: Primitives created: 1
06:58:53 | INFO: Extracting primitive: Cube.249
06:58:53 | INFO: Primitives created: 1
06:58:53 | INFO: Extracting primitive: Cube.250
06:58:53 | INFO: Primitives created: 1
06:58:53 | INFO: Extracting primitive: Cube.252
06:58:53 | INFO: Primitives created: 1
06:58:53 | INFO: Extracting primitive: Cube.253
06:58:53 | INFO: Primitives created: 1
06:58:53 | INFO: Extracting primitive: Cube.254
06:58:53 | INFO: Primitives created: 1
06:58:53 | INFO: Extracting primitive: Cube.255
06:58:53 | INFO: Primitives created: 1
06:58:53 | INFO: Extracting primitive: Cube.257
06:58:53 | INFO: Primitives created: 1
06:58:53 | INFO: Extracting primitive: Cube.258
06:58:53 | INFO: Primitives created: 1
06:58:53 | INFO: Extracting primitive: Cube.260
06:58:53 | INFO: Primitives created: 1
06:58:53 | INFO: Extracting primitive: RED_FOLD_EXIT_RING_0__MESH
06:58:53 | INFO: Primitives created: 1
06:58:53 | INFO: Extracting primitive: RED_FOLD_EXIT_RING_1__MESH
06:58:53 | INFO: Primitives created: 1
06:58:53 | INFO: Extracting primitive: RED_FOLD_EXIT_RING_2__MESH
06:58:53 | INFO: Primitives created: 1
06:58:53 | INFO: Extracting primitive: Cube.239
06:58:53 | INFO: Primitives created: 1
06:58:53 | INFO: Extracting primitive: Cube.241
06:58:53 | INFO: Primitives created: 1
06:58:53 | INFO: Extracting primitive: Cylinder.012
06:58:53 | INFO: Primitives created: 1
06:58:53 | INFO: Extracting primitive: RED_FOLD_LOWER_RING_0__MESH
06:58:53 | INFO: Primitives created: 1
06:58:53 | INFO: Extracting primitive: RED_FOLD_LOWER_RING_1__MESH
06:58:53 | INFO: Primitives created: 1
06:58:53 | INFO: Extracting primitive: RED_FOLD_LOWER_RING_2__MESH
06:58:53 | INFO: Primitives created: 1
06:58:53 | INFO: Extracting primitive: Cylinder.013
06:58:53 | INFO: Primitives created: 1
06:58:53 | INFO: Extracting primitive: Cube.246
06:58:53 | INFO: Primitives created: 1
06:58:53 | INFO: Extracting primitive: Cube.251
06:58:53 | INFO: Primitives created: 1
06:58:53 | INFO: Extracting primitive: Cube.256
06:58:53 | INFO: Primitives created: 1
06:58:53 | INFO: Extracting primitive: Cube.259
06:58:53 | INFO: Primitives created: 1
06:58:53 | INFO: Extracting primitive: Cube.261
06:58:53 | INFO: Primitives created: 1
06:58:53 | INFO: Extracting primitive: Cylinder.018
06:58:53 | INFO: Primitives created: 1
06:58:53 | INFO: Extracting primitive: Cylinder.019
06:58:53 | INFO: Primitives created: 1
06:58:53 | INFO: Extracting primitive: Cube.262
06:58:53 | INFO: Primitives created: 1
06:58:53 | INFO: Extracting primitive: Cylinder.020
06:58:53 | INFO: Primitives created: 1
06:58:53 | INFO: Extracting primitive: Cylinder.021
06:58:53 | INFO: Primitives created: 1
06:58:53 | INFO: Extracting primitive: Cube.263
06:58:53 | INFO: Primitives created: 1
06:58:53 | INFO: Extracting primitive: Cylinder.022
06:58:53 | INFO: Primitives created: 1
06:58:53 | INFO: Extracting primitive: Cylinder.023
06:58:53 | INFO: Primitives created: 1
06:58:53 | INFO: Extracting primitive: Cube.264
06:58:53 | INFO: Primitives created: 1
06:58:53 | INFO: Extracting primitive: Cylinder.024
06:58:53 | INFO: Primitives created: 1
06:58:53 | INFO: Extracting primitive: Cylinder.025
06:58:53 | INFO: Primitives created: 1
06:58:53 | INFO: Extracting primitive: V3_NORTH_FORGING_PRESS_CAST_ARCH_FRONT__MESH
06:58:53 | INFO: Primitives created: 1
06:58:53 | INFO: Extracting primitive: V3_NORTH_FORGING_PRESS_CAST_LEG_FRONT_L__MESH
06:58:53 | INFO: Primitives created: 1
06:58:53 | INFO: Extracting primitive: V3_NORTH_FORGING_PRESS_BASE_GUSSET_FRONT_L__MESH
06:58:53 | INFO: Primitives created: 1
06:58:53 | INFO: Extracting primitive: V3_NORTH_FORGING_PRESS_CAST_LEG_FRONT_R__MESH
06:58:53 | INFO: Primitives created: 1
06:58:53 | INFO: Extracting primitive: V3_NORTH_FORGING_PRESS_BASE_GUSSET_FRONT_R__MESH
06:58:53 | INFO: Primitives created: 1
06:58:53 | INFO: Extracting primitive: Cube.265
06:58:53 | INFO: Primitives created: 1
06:58:53 | INFO: Extracting primitive: V3_NORTH_FORGING_PRESS_CAST_ARCH_BACK__MESH
06:58:53 | INFO: Primitives created: 1
06:58:53 | INFO: Extracting primitive: V3_NORTH_FORGING_PRESS_CAST_LEG_BACK_L__MESH
06:58:53 | INFO: Primitives created: 1
06:58:53 | INFO: Extracting primitive: V3_NORTH_FORGING_PRESS_BASE_GUSSET_BACK_L__MESH
06:58:53 | INFO: Primitives created: 1
06:58:53 | INFO: Extracting primitive: V3_NORTH_FORGING_PRESS_CAST_LEG_BACK_R__MESH
06:58:53 | INFO: Primitives created: 1
06:58:53 | INFO: Extracting primitive: V3_NORTH_FORGING_PRESS_BASE_GUSSET_BACK_R__MESH
06:58:53 | INFO: Primitives created: 1
06:58:53 | INFO: Extracting primitive: Cube.266
06:58:53 | INFO: Primitives created: 1
06:58:53 | INFO: Extracting primitive: Cylinder.026
06:58:53 | INFO: Primitives created: 1
06:58:53 | INFO: Extracting primitive: Cylinder.027
06:58:53 | INFO: Primitives created: 1
06:58:53 | INFO: Extracting primitive: Cylinder.028
06:58:53 | INFO: Primitives created: 1
06:58:53 | INFO: Extracting primitive: Cylinder.029
06:58:53 | INFO: Primitives created: 1
06:58:53 | INFO: Extracting primitive: Cylinder.030
06:58:53 | INFO: Primitives created: 1
06:58:53 | INFO: Extracting primitive: Cylinder.031
06:58:53 | INFO: Primitives created: 1
06:58:53 | INFO: Extracting primitive: Cube.267
06:58:53 | INFO: Primitives created: 1
06:58:53 | INFO: Extracting primitive: Cylinder.032
06:58:53 | INFO: Primitives created: 1
06:58:53 | INFO: Extracting primitive: Cylinder.033
06:58:53 | INFO: Primitives created: 1
06:58:53 | INFO: Extracting primitive: Cylinder.034
06:58:53 | INFO: Primitives created: 1
06:58:53 | INFO: Extracting primitive: Torus.008
06:58:53 | INFO: Primitives created: 1
06:58:53 | INFO: Extracting primitive: Torus.009
06:58:53 | INFO: Primitives created: 1
06:58:53 | INFO: Extracting primitive: Torus.010
06:58:53 | INFO: Primitives created: 1
06:58:53 | INFO: Extracting primitive: Torus.011
06:58:53 | INFO: Primitives created: 1
06:58:53 | INFO: Extracting primitive: Torus.012
06:58:53 | INFO: Primitives created: 1
06:58:53 | INFO: Extracting primitive: Cylinder.035
06:58:53 | INFO: Primitives created: 1
06:58:53 | INFO: Extracting primitive: Cylinder.036
06:58:53 | INFO: Primitives created: 1
06:58:53 | INFO: Extracting primitive: Cylinder.037
06:58:53 | INFO: Primitives created: 1
06:58:53 | INFO: Extracting primitive: Cylinder.038
06:58:53 | INFO: Primitives created: 1
06:58:53 | INFO: Extracting primitive: Torus.013
06:58:53 | INFO: Primitives created: 1
06:58:53 | INFO: Extracting primitive: Cylinder.039
06:58:53 | INFO: Primitives created: 1
06:58:53 | INFO: Extracting primitive: Cube.268
06:58:53 | INFO: Primitives created: 1
06:58:53 | INFO: Extracting primitive: Cube.269
06:58:53 | INFO: Primitives created: 1
06:58:53 | INFO: Extracting primitive: Cube.270
06:58:53 | INFO: Primitives created: 1
06:58:53 | INFO: Extracting primitive: Cube.271
06:58:53 | INFO: Primitives created: 1
06:58:53 | INFO: Extracting primitive: Cube.272
06:58:53 | INFO: Primitives created: 1
06:58:53 | INFO: Extracting primitive: Cube.273
06:58:53 | INFO: Primitives created: 1
06:58:53 | INFO: Extracting primitive: Cube.274
06:58:53 | INFO: Primitives created: 1
06:58:53 | INFO: Extracting primitive: Cube.275
06:58:53 | INFO: Primitives created: 1
06:58:53 | INFO: Extracting primitive: Cube.276
06:58:53 | INFO: Primitives created: 1
06:58:53 | INFO: Extracting primitive: Cube.277
06:58:53 | INFO: Primitives created: 1
06:58:53 | INFO: Extracting primitive: Cylinder.040
06:58:53 | INFO: Primitives created: 1
06:58:53 | INFO: Extracting primitive: Cylinder.041
06:58:53 | INFO: Primitives created: 1
06:58:53 | INFO: Extracting primitive: Cylinder.042
06:58:53 | INFO: Primitives created: 1
06:58:53 | INFO: Extracting primitive: V3_NORTH_FORGING_PRESS_DRIVE_GUARD_ARC__MESH
06:58:53 | INFO: Primitives created: 1
06:58:53 | INFO: Extracting primitive: Cylinder.043
06:58:53 | INFO: Primitives created: 1
06:58:53 | INFO: Extracting primitive: Cylinder.044
06:58:53 | INFO: Primitives created: 1
06:58:53 | INFO: Extracting primitive: Cylinder.045
06:58:53 | INFO: Primitives created: 1
06:58:53 | INFO: Extracting primitive: Cube.278
06:58:53 | INFO: Primitives created: 1
06:58:53 | INFO: Extracting primitive: Cylinder.046
06:58:53 | INFO: Primitives created: 1
06:58:53 | INFO: Extracting primitive: Cube.279
06:58:53 | INFO: Primitives created: 1
06:58:53 | INFO: Extracting primitive: Cube.280
06:58:53 | INFO: Primitives created: 1
06:58:53 | INFO: Extracting primitive: Cylinder.047
06:58:53 | INFO: Primitives created: 1
06:58:53 | INFO: Extracting primitive: Cube.281
06:58:53 | INFO: Primitives created: 1
06:58:53 | INFO: Extracting primitive: Cube.282
06:58:53 | INFO: Primitives created: 1
06:58:53 | INFO: Extracting primitive: Cube.283
06:58:53 | INFO: Primitives created: 1
06:58:53 | INFO: Extracting primitive: Cylinder.048
06:58:53 | INFO: Primitives created: 1
06:58:53 | INFO: Extracting primitive: Cylinder.049
06:58:53 | INFO: Primitives created: 1
06:58:53 | INFO: Extracting primitive: Cylinder.050
06:58:53 | INFO: Primitives created: 1
06:58:53 | INFO: Extracting primitive: Cylinder.051
06:58:53 | INFO: Primitives created: 1
06:58:53 | INFO: Extracting primitive: Cylinder.052
06:58:53 | INFO: Primitives created: 1
06:58:53 | INFO: Extracting primitive: Cylinder.053
06:58:53 | INFO: Primitives created: 1
06:58:53 | INFO: Extracting primitive: Cylinder.054
06:58:53 | INFO: Primitives created: 1
06:58:53 | INFO: Extracting primitive: Cylinder.055
06:58:53 | INFO: Primitives created: 1
06:58:53 | INFO: Extracting primitive: Cylinder.056
06:58:53 | INFO: Primitives created: 1
06:58:53 | INFO: Extracting primitive: Cylinder.057
06:58:53 | INFO: Primitives created: 1
06:58:53 | INFO: Extracting primitive: Torus.014
06:58:53 | INFO: Primitives created: 1
06:58:53 | INFO: Extracting primitive: Cylinder.058
06:58:53 | INFO: Primitives created: 1
06:58:53 | INFO: Extracting primitive: Cube.284
06:58:53 | INFO: Primitives created: 1
06:58:53 | INFO: Extracting primitive: Cylinder.059
06:58:53 | INFO: Primitives created: 1
06:58:53 | INFO: Extracting primitive: Cylinder.060
06:58:53 | INFO: Primitives created: 1
06:58:53 | INFO: Extracting primitive: Cylinder.061
06:58:53 | INFO: Primitives created: 1
06:58:53 | INFO: Extracting primitive: Cylinder.062
06:58:53 | INFO: Primitives created: 1
06:58:53 | INFO: Extracting primitive: Cube.285
06:58:53 | INFO: Primitives created: 1
06:58:53 | INFO: Extracting primitive: Cylinder.063
06:58:53 | INFO: Primitives created: 1
06:58:53 | INFO: Extracting primitive: Cylinder.064
06:58:53 | INFO: Primitives created: 1
06:58:53 | INFO: Extracting primitive: Cylinder.067
06:58:53 | INFO: Primitives created: 1
06:58:53 | INFO: Extracting primitive: Cylinder.068
06:58:53 | INFO: Primitives created: 1
06:58:53 | INFO: Extracting primitive: Cylinder.069
06:58:53 | INFO: Primitives created: 1
06:58:53 | INFO: Extracting primitive: Cylinder.070
06:58:53 | INFO: Primitives created: 1
06:58:53 | INFO: Extracting primitive: Cylinder.071
06:58:53 | INFO: Primitives created: 1
06:58:53 | INFO: Extracting primitive: Cylinder.072
06:58:53 | INFO: Primitives created: 1
06:58:53 | INFO: Extracting primitive: Cylinder.073
06:58:53 | INFO: Primitives created: 1
06:58:53 | INFO: Extracting primitive: Cylinder.074
06:58:53 | INFO: Primitives created: 1
06:58:53 | INFO: Extracting primitive: Cylinder.075
06:58:53 | INFO: Primitives created: 1
06:58:53 | INFO: Extracting primitive: Cylinder.076
06:58:53 | INFO: Primitives created: 1
06:58:53 | INFO: Extracting primitive: Cylinder.077
06:58:53 | INFO: Primitives created: 1
06:58:53 | INFO: Extracting primitive: Cylinder.078
06:58:53 | INFO: Primitives created: 1
06:58:53 | INFO: Extracting primitive: Cylinder.079
06:58:53 | INFO: Primitives created: 1
06:58:53 | INFO: Extracting primitive: Cylinder.080
06:58:53 | INFO: Primitives created: 1
06:58:53 | INFO: Extracting primitive: Cylinder.081
06:58:53 | INFO: Primitives created: 1
06:58:53 | INFO: Extracting primitive: Cylinder.082
06:58:53 | INFO: Primitives created: 1
06:58:53 | INFO: Extracting primitive: Cylinder.083
06:58:53 | INFO: Primitives created: 1
06:58:53 | INFO: Extracting primitive: Cylinder.084
06:58:53 | INFO: Primitives created: 1
06:58:53 | INFO: Extracting primitive: Cylinder.085
06:58:53 | INFO: Primitives created: 1
06:58:53 | INFO: Extracting primitive: Cube.286
06:58:53 | INFO: Primitives created: 1
06:58:53 | INFO: Extracting primitive: Cylinder.086
06:58:53 | INFO: Primitives created: 1
06:58:53 | INFO: Extracting primitive: Cylinder.087
06:58:53 | INFO: Primitives created: 1
06:58:53 | INFO: Extracting primitive: Cube.287
06:58:53 | INFO: Primitives created: 1
06:58:53 | INFO: Extracting primitive: Cylinder.088
06:58:53 | INFO: Primitives created: 1
06:58:53 | INFO: Extracting primitive: Cylinder.089
06:58:53 | INFO: Primitives created: 1
06:58:53 | INFO: Extracting primitive: Cube.288
06:58:53 | INFO: Primitives created: 1
06:58:53 | INFO: Extracting primitive: Cylinder.090
06:58:53 | INFO: Primitives created: 1
06:58:53 | INFO: Extracting primitive: Cylinder.091
06:58:53 | INFO: Primitives created: 1
06:58:53 | INFO: Extracting primitive: Cube.289
06:58:53 | INFO: Primitives created: 1
06:58:53 | INFO: Extracting primitive: Cylinder.092
06:58:53 | INFO: Primitives created: 1
06:58:53 | INFO: Extracting primitive: Cylinder.093
06:58:53 | INFO: Primitives created: 1
06:58:53 | INFO: Extracting primitive: V3_SOUTH_ROLLER_PRESS_CAST_ARCH_FRONT__MESH
06:58:53 | INFO: Primitives created: 1
06:58:53 | INFO: Extracting primitive: V3_SOUTH_ROLLER_PRESS_CAST_LEG_FRONT_L__MESH
06:58:53 | INFO: Primitives created: 1
06:58:53 | INFO: Extracting primitive: V3_SOUTH_ROLLER_PRESS_BASE_GUSSET_FRONT_L__MESH
06:58:53 | INFO: Primitives created: 1
06:58:53 | INFO: Extracting primitive: V3_SOUTH_ROLLER_PRESS_CAST_LEG_FRONT_R__MESH
06:58:53 | INFO: Primitives created: 1
06:58:53 | INFO: Extracting primitive: V3_SOUTH_ROLLER_PRESS_BASE_GUSSET_FRONT_R__MESH
06:58:53 | INFO: Primitives created: 1
06:58:53 | INFO: Extracting primitive: Cube.290
06:58:53 | INFO: Primitives created: 1
06:58:53 | INFO: Extracting primitive: V3_SOUTH_ROLLER_PRESS_CAST_ARCH_BACK__MESH
06:58:53 | INFO: Primitives created: 1
06:58:53 | INFO: Extracting primitive: V3_SOUTH_ROLLER_PRESS_CAST_LEG_BACK_L__MESH
06:58:53 | INFO: Primitives created: 1
06:58:53 | INFO: Extracting primitive: V3_SOUTH_ROLLER_PRESS_BASE_GUSSET_BACK_L__MESH
06:58:53 | INFO: Primitives created: 1
06:58:53 | INFO: Extracting primitive: V3_SOUTH_ROLLER_PRESS_CAST_LEG_BACK_R__MESH
06:58:53 | INFO: Primitives created: 1
06:58:53 | INFO: Extracting primitive: V3_SOUTH_ROLLER_PRESS_BASE_GUSSET_BACK_R__MESH
06:58:53 | INFO: Primitives created: 1
06:58:53 | INFO: Extracting primitive: Cube.291
06:58:53 | INFO: Primitives created: 1
06:58:53 | INFO: Extracting primitive: Cylinder.094
06:58:53 | INFO: Primitives created: 1
06:58:53 | INFO: Extracting primitive: Cylinder.095
06:58:53 | INFO: Primitives created: 1
06:58:53 | INFO: Extracting primitive: Cylinder.096
06:58:53 | INFO: Primitives created: 1
06:58:53 | INFO: Extracting primitive: Cylinder.097
06:58:53 | INFO: Primitives created: 1
06:58:53 | INFO: Extracting primitive: Cylinder.098
06:58:53 | INFO: Primitives created: 1
06:58:53 | INFO: Extracting primitive: Cylinder.099
06:58:53 | INFO: Primitives created: 1
06:58:53 | INFO: Extracting primitive: Cylinder.100
06:58:53 | INFO: Primitives created: 1
06:58:53 | INFO: Extracting primitive: Cylinder.101
06:58:53 | INFO: Primitives created: 1
06:58:53 | INFO: Extracting primitive: Cylinder.102
06:58:53 | INFO: Primitives created: 1
06:58:53 | INFO: Extracting primitive: Cylinder.103
06:58:53 | INFO: Primitives created: 1
06:58:53 | INFO: Extracting primitive: Cylinder.104
06:58:53 | INFO: Primitives created: 1
06:58:53 | INFO: Extracting primitive: Cylinder.105
06:58:53 | INFO: Primitives created: 1
06:58:53 | INFO: Extracting primitive: Torus.015
06:58:53 | INFO: Primitives created: 1
06:58:53 | INFO: Extracting primitive: Cylinder.106
06:58:53 | INFO: Primitives created: 1
06:58:53 | INFO: Extracting primitive: Cube.292
06:58:53 | INFO: Primitives created: 1
06:58:53 | INFO: Extracting primitive: Cube.293
06:58:53 | INFO: Primitives created: 1
06:58:53 | INFO: Extracting primitive: Cube.294
06:58:53 | INFO: Primitives created: 1
06:58:53 | INFO: Extracting primitive: Cube.295
06:58:53 | INFO: Primitives created: 1
06:58:53 | INFO: Extracting primitive: Cube.296
06:58:53 | INFO: Primitives created: 1
06:58:53 | INFO: Extracting primitive: Cube.297
06:58:53 | INFO: Primitives created: 1
06:58:53 | INFO: Extracting primitive: Cube.298
06:58:53 | INFO: Primitives created: 1
06:58:53 | INFO: Extracting primitive: Cube.299
06:58:53 | INFO: Primitives created: 1
06:58:53 | INFO: Extracting primitive: Cube.300
06:58:53 | INFO: Primitives created: 1
06:58:53 | INFO: Extracting primitive: Cube.301
06:58:53 | INFO: Primitives created: 1
06:58:53 | INFO: Extracting primitive: Cube.302
06:58:53 | INFO: Primitives created: 1
06:58:53 | INFO: Extracting primitive: Cube.303
06:58:53 | INFO: Primitives created: 1
06:58:53 | INFO: Extracting primitive: Cube.304
06:58:53 | INFO: Primitives created: 1
06:58:53 | INFO: Extracting primitive: Cube.305
06:58:53 | INFO: Primitives created: 1
06:58:53 | INFO: Extracting primitive: Cube.306
06:58:53 | INFO: Primitives created: 1
06:58:53 | INFO: Extracting primitive: Cube.307
06:58:53 | INFO: Primitives created: 1
06:58:53 | INFO: Extracting primitive: Cylinder.107
06:58:53 | INFO: Primitives created: 1
06:58:53 | INFO: Extracting primitive: Cylinder.108
06:58:53 | INFO: Primitives created: 1
06:58:53 | INFO: Extracting primitive: Cylinder.109
06:58:53 | INFO: Primitives created: 1
06:58:53 | INFO: Extracting primitive: Torus.016
06:58:53 | INFO: Primitives created: 1
06:58:53 | INFO: Extracting primitive: Cylinder.110
06:58:53 | INFO: Primitives created: 1
06:58:53 | INFO: Extracting primitive: Cube.308
06:58:53 | INFO: Primitives created: 1
06:58:53 | INFO: Extracting primitive: Cube.309
06:58:53 | INFO: Primitives created: 1
06:58:53 | INFO: Extracting primitive: Cube.310
06:58:53 | INFO: Primitives created: 1
06:58:53 | INFO: Extracting primitive: Cube.311
06:58:53 | INFO: Primitives created: 1
06:58:53 | INFO: Extracting primitive: Cube.312
06:58:53 | INFO: Primitives created: 1
06:58:53 | INFO: Extracting primitive: Cube.313
06:58:53 | INFO: Primitives created: 1
06:58:53 | INFO: Extracting primitive: Cube.314
06:58:53 | INFO: Primitives created: 1
06:58:53 | INFO: Extracting primitive: Cube.315
06:58:53 | INFO: Primitives created: 1
06:58:53 | INFO: Extracting primitive: Cube.316
06:58:53 | INFO: Primitives created: 1
06:58:53 | INFO: Extracting primitive: Cube.317
06:58:53 | INFO: Primitives created: 1
06:58:53 | INFO: Extracting primitive: Cube.318
06:58:53 | INFO: Primitives created: 1
06:58:53 | INFO: Extracting primitive: Cube.319
06:58:53 | INFO: Primitives created: 1
06:58:53 | INFO: Extracting primitive: Cube.320
06:58:53 | INFO: Primitives created: 1
06:58:53 | INFO: Extracting primitive: Cube.321
06:58:53 | INFO: Primitives created: 1
06:58:53 | INFO: Extracting primitive: Cylinder.111
06:58:53 | INFO: Primitives created: 1
06:58:53 | INFO: Extracting primitive: Cylinder.112
06:58:53 | INFO: Primitives created: 1
06:58:53 | INFO: Extracting primitive: Cylinder.113
06:58:53 | INFO: Primitives created: 1
06:58:53 | INFO: Extracting primitive: Cylinder.114
06:58:53 | INFO: Primitives created: 1
06:58:53 | INFO: Extracting primitive: Cylinder.115
06:58:53 | INFO: Primitives created: 1
06:58:53 | INFO: Extracting primitive: Cylinder.116
06:58:53 | INFO: Primitives created: 1
06:58:53 | INFO: Extracting primitive: Cube.322
06:58:53 | INFO: Primitives created: 1
06:58:53 | INFO: Extracting primitive: Cube.323
06:58:53 | INFO: Primitives created: 1
06:58:53 | INFO: Extracting primitive: Cube.324
06:58:53 | INFO: Primitives created: 1
06:58:53 | INFO: Extracting primitive: Cylinder.119
06:58:53 | INFO: Primitives created: 1
06:58:53 | INFO: Extracting primitive: Cylinder.120
06:58:53 | INFO: Primitives created: 1
06:58:53 | INFO: Extracting primitive: Cylinder.121
06:58:53 | INFO: Primitives created: 1
06:58:53 | INFO: Extracting primitive: Cylinder.122
06:58:53 | INFO: Primitives created: 1
06:58:53 | INFO: Extracting primitive: Cylinder.123
06:58:53 | INFO: Primitives created: 1
06:58:53 | INFO: Extracting primitive: Cylinder.124
06:58:53 | INFO: Primitives created: 1
06:58:53 | INFO: Extracting primitive: Cylinder.125
06:58:53 | INFO: Primitives created: 1
06:58:53 | INFO: Extracting primitive: Cylinder.126
06:58:53 | INFO: Primitives created: 1
06:58:53 | INFO: Extracting primitive: Cube.325
06:58:53 | INFO: Primitives created: 1
06:58:53 | INFO: Extracting primitive: Cylinder.127
06:58:53 | INFO: Primitives created: 1
06:58:53 | INFO: Extracting primitive: Cylinder.065
06:58:53 | INFO: Primitives created: 1
06:58:53 | INFO: Extracting primitive: Cylinder.066
06:58:53 | INFO: Primitives created: 1
06:58:53 | INFO: Extracting primitive: V3_NORTH_FORGING_PRESS_FEED_WEB__MESH
06:58:53 | INFO: Primitives created: 1
06:58:53 | INFO: Extracting primitive: V3_NORTH_FORGING_PRESS_OUTPUT_WEB__MESH
06:58:53 | INFO: Primitives created: 1
06:58:53 | INFO: Extracting primitive: Cylinder.117
06:58:53 | INFO: Primitives created: 1
06:58:53 | INFO: Extracting primitive: Cylinder.118
06:58:53 | INFO: Primitives created: 1
06:58:53 | INFO: Extracting primitive: V3_SOUTH_ROLLER_PRESS_FEED_WEB__MESH
06:58:53 | INFO: Primitives created: 1
06:58:53 | INFO: Extracting primitive: V3_SOUTH_ROLLER_PRESS_OUTPUT_WEB__MESH
06:58:53 | INFO: Primitives created: 1
06:58:53 | INFO: Extracting primitive: Cube.199
06:58:53 | INFO: Primitives created: 1
06:58:53 | INFO: Extracting primitive: Cube.200
06:58:53 | INFO: Primitives created: 1
06:58:53 | INFO: Extracting primitive: Cube.201
06:58:53 | INFO: Primitives created: 1
06:58:53 | INFO: Extracting primitive: Cube.202
06:58:53 | INFO: Primitives created: 1
06:58:53 | INFO: Extracting primitive: Cube.203
06:58:53 | INFO: Primitives created: 1
06:58:53 | INFO: Extracting primitive: Cube.204
06:58:53 | INFO: Primitives created: 1
06:58:53 | INFO: Extracting primitive: Cube.205
06:58:53 | INFO: Primitives created: 1
06:58:53 | INFO: Extracting primitive: Cube.206
06:58:53 | INFO: Primitives created: 1
06:58:53 | INFO: Extracting primitive: Cube.235
06:58:53 | INFO: Primitives created: 1
06:58:53 | INFO: Extracting primitive: Cube.236
06:58:53 | INFO: Primitives created: 1
06:58:53 | INFO: Extracting primitive: Cube.237
06:58:53 | INFO: Primitives created: 1
06:58:53 | INFO: Extracting primitive: Cube.238
06:58:53 | INFO: Primitives created: 1
06:58:53 | INFO: Extracting primitive: Cube.326
06:58:53 | INFO: Primitives created: 1
06:58:53 | INFO: Extracting primitive: Cube.327
06:58:53 | INFO: Primitives created: 1
06:58:53 | INFO: Extracting primitive: Cylinder
06:58:53 | INFO: Primitives created: 1
06:58:53 | INFO: Extracting primitive: Cylinder.001
06:58:53 | INFO: Primitives created: 1
06:58:53 | INFO: Extracting primitive: Cube.328
06:58:53 | INFO: Primitives created: 1
06:58:53 | INFO: Extracting primitive: Cube.329
06:58:53 | INFO: Primitives created: 1
06:58:53 | INFO: Extracting primitive: Cylinder.002
06:58:53 | INFO: Primitives created: 1
06:58:53 | INFO: Extracting primitive: Cylinder.003
06:58:53 | INFO: Primitives created: 1
06:58:53 | INFO: Extracting primitive: Cube.330
06:58:53 | INFO: Primitives created: 1
06:58:53 | INFO: Extracting primitive: Cylinder.004
06:58:53 | INFO: Primitives created: 1
06:58:53 | INFO: Extracting primitive: Cylinder.005
06:58:53 | INFO: Primitives created: 1
06:58:53 | INFO: Extracting primitive: Cylinder.006
06:58:53 | INFO: Primitives created: 1
06:58:53 | INFO: Extracting primitive: Cylinder.007
06:58:53 | INFO: Primitives created: 1
06:58:53 | INFO: Extracting primitive: Cube.331
06:58:53 | INFO: Primitives created: 1
06:58:53 | INFO: Extracting primitive: Cube.332
06:58:53 | INFO: Primitives created: 1
06:58:53 | INFO: Extracting primitive: Cube.333
06:58:53 | INFO: Primitives created: 1
06:58:53 | INFO: Extracting primitive: Cube.334
06:58:53 | INFO: Primitives created: 1
06:58:53 | INFO: Extracting primitive: Cube.335
06:58:53 | INFO: Primitives created: 1
06:58:53 | INFO: Extracting primitive: Cube.336
06:58:53 | INFO: Primitives created: 1
06:58:53 | INFO: Extracting primitive: Cube.337
06:58:53 | INFO: Primitives created: 1
06:58:53 | INFO: Extracting primitive: Cube.338
06:58:53 | INFO: Primitives created: 1
06:58:53 | INFO: Extracting primitive: Cube.339
06:58:53 | INFO: Primitives created: 1
06:58:53 | INFO: Extracting primitive: Cube.340
06:58:53 | INFO: Primitives created: 1
06:58:53 | INFO: Extracting primitive: Cube.341
06:58:53 | INFO: Primitives created: 1
06:58:53 | INFO: Extracting primitive: Cube.342
06:58:53 | INFO: Primitives created: 1
06:58:53 | INFO: Extracting primitive: Cube.343
06:58:53 | INFO: Primitives created: 1
06:58:53 | INFO: Extracting primitive: Cube.344
06:58:53 | INFO: Primitives created: 1
06:58:53 | INFO: Extracting primitive: Cylinder.008
06:58:53 | INFO: Primitives created: 1
06:58:53 | INFO: Extracting primitive: Cylinder.009
06:58:53 | INFO: Primitives created: 1
06:58:53 | INFO: Extracting primitive: Cube.345
06:58:53 | INFO: Primitives created: 1
06:58:53 | INFO: Extracting primitive: Cube.346
06:58:53 | INFO: Primitives created: 1
06:58:53 | INFO: Extracting primitive: Cylinder.010
06:58:53 | INFO: Primitives created: 1
06:58:53 | INFO: Extracting primitive: Cylinder.011
06:58:53 | INFO: Primitives created: 1
06:58:53 | INFO: Extracting primitive: Cube.347
06:58:53 | INFO: Primitives created: 1
06:58:53 | INFO: Extracting primitive: Cylinder.014
06:58:53 | INFO: Primitives created: 1
06:58:53 | INFO: Extracting primitive: Cylinder.015
06:58:53 | INFO: Primitives created: 1
06:58:53 | INFO: Extracting primitive: Cylinder.016
06:58:53 | INFO: Primitives created: 1
06:58:53 | INFO: Extracting primitive: Cylinder.017
06:58:53 | INFO: Primitives created: 1
06:58:53 | INFO: Extracting primitive: Cube.348
06:58:53 | INFO: Primitives created: 1
06:58:53 | INFO: Extracting primitive: Cube.349
06:58:53 | INFO: Primitives created: 1
06:58:53 | INFO: Extracting primitive: Cube.350
06:58:53 | INFO: Primitives created: 1
06:58:53 | INFO: Extracting primitive: Cube.351
06:58:53 | INFO: Primitives created: 1
06:58:53 | INFO: Extracting primitive: Cube.352
06:58:53 | INFO: Primitives created: 1
06:58:53 | INFO: Extracting primitive: Cube.353
06:58:53 | INFO: Primitives created: 1
06:58:53 | INFO: Extracting primitive: Cube.354
06:58:53 | INFO: Primitives created: 1
06:58:53 | INFO: Extracting primitive: Cube.355
06:58:53 | INFO: Primitives created: 1
06:58:53 | INFO: Extracting primitive: Cube.356
06:58:53 | INFO: Primitives created: 1
06:58:53 | INFO: Extracting primitive: Cube.357
06:58:53 | INFO: Primitives created: 1
06:58:53 | INFO: Extracting primitive: Cube.358
06:58:53 | INFO: Primitives created: 1
06:58:53 | INFO: Extracting primitive: Cube.359
06:58:53 | INFO: Primitives created: 1
06:58:53 | INFO: Extracting primitive: Cube.360
06:58:53 | INFO: Primitives created: 1
06:58:53 | INFO: Extracting primitive: Cube.361
06:58:53 | INFO: Primitives created: 1
06:58:53 | INFO: Extracting primitive: Cylinder.128
06:58:53 | INFO: Primitives created: 1
06:58:53 | INFO: Extracting primitive: Cylinder.129
06:58:53 | INFO: Primitives created: 1
06:58:53 | INFO: Extracting primitive: Cube.362
06:58:53 | INFO: Primitives created: 1
06:58:53 | INFO: Extracting primitive: Cube.363
06:58:53 | INFO: Primitives created: 1
06:58:53 | INFO: Extracting primitive: Cylinder.130
06:58:53 | INFO: Primitives created: 1
06:58:53 | INFO: Extracting primitive: Cylinder.131
06:58:53 | INFO: Primitives created: 1
06:58:53 | INFO: Extracting primitive: Cube.364
06:58:53 | INFO: Primitives created: 1
06:58:53 | INFO: Extracting primitive: Cylinder.132
06:58:53 | INFO: Primitives created: 1
06:58:53 | INFO: Extracting primitive: Cylinder.133
06:58:53 | INFO: Primitives created: 1
06:58:53 | INFO: Extracting primitive: Cylinder.134
06:58:53 | INFO: Primitives created: 1
06:58:53 | INFO: Extracting primitive: Cylinder.135
06:58:53 | INFO: Primitives created: 1
06:58:53 | INFO: Extracting primitive: Cube.365
06:58:53 | INFO: Primitives created: 1
06:58:53 | INFO: Extracting primitive: Cube.366
06:58:53 | INFO: Primitives created: 1
06:58:53 | INFO: Extracting primitive: Cube.367
06:58:53 | INFO: Primitives created: 1
06:58:53 | INFO: Extracting primitive: Cube.368
06:58:53 | INFO: Primitives created: 1
06:58:53 | INFO: Extracting primitive: Cube.369
06:58:53 | INFO: Primitives created: 1
06:58:53 | INFO: Extracting primitive: Cube.370
06:58:53 | INFO: Primitives created: 1
06:58:53 | INFO: Extracting primitive: Cube.371
06:58:53 | INFO: Primitives created: 1
06:58:53 | INFO: Extracting primitive: Cube.372
06:58:53 | INFO: Primitives created: 1
06:58:53 | INFO: Extracting primitive: Cube.373
06:58:53 | INFO: Primitives created: 1
06:58:53 | INFO: Extracting primitive: Cube.374
06:58:53 | INFO: Primitives created: 1
06:58:53 | INFO: Extracting primitive: Cube.375
06:58:53 | INFO: Primitives created: 1
06:58:53 | INFO: Extracting primitive: Cube.376
06:58:53 | INFO: Primitives created: 1
06:58:53 | INFO: Extracting primitive: Cube.377
06:58:53 | INFO: Primitives created: 1
06:58:53 | INFO: Extracting primitive: Cube.378
06:58:53 | INFO: Primitives created: 1
06:58:53 | INFO: Extracting primitive: Cylinder.136
06:58:53 | INFO: Primitives created: 1
06:58:53 | INFO: Extracting primitive: Cylinder.137
06:58:53 | INFO: Primitives created: 1
06:58:53 | INFO: Extracting primitive: Cube.379
06:58:53 | INFO: Primitives created: 1
06:58:53 | INFO: Extracting primitive: Cube.380
06:58:53 | INFO: Primitives created: 1
06:58:53 | INFO: Extracting primitive: Cylinder.138
06:58:53 | INFO: Primitives created: 1
06:58:53 | INFO: Extracting primitive: Cylinder.139
06:58:53 | INFO: Primitives created: 1
06:58:53 | INFO: Extracting primitive: Cube.381
06:58:53 | INFO: Primitives created: 1
06:58:53 | INFO: Extracting primitive: Cylinder.140
06:58:53 | INFO: Primitives created: 1
06:58:53 | INFO: Extracting primitive: Cylinder.141
06:58:53 | INFO: Primitives created: 1
06:58:53 | INFO: Extracting primitive: Cylinder.142
06:58:53 | INFO: Primitives created: 1
06:58:53 | INFO: Extracting primitive: Cylinder.143
06:58:53 | INFO: Primitives created: 1
06:58:53 | INFO: Extracting primitive: Cube.382
06:58:53 | INFO: Primitives created: 1
06:58:53 | INFO: Extracting primitive: Cube.383
06:58:53 | INFO: Primitives created: 1
06:58:53 | INFO: Extracting primitive: Cube.384
06:58:53 | INFO: Primitives created: 1
06:58:53 | INFO: Extracting primitive: V3F_FULL_COVER_PRESS_E_CAST_CROWN__MESH
06:58:53 | INFO: Primitives created: 1
06:58:53 | INFO: Extracting primitive: Cube.385
06:58:53 | INFO: Primitives created: 1
06:58:53 | INFO: Extracting primitive: Cube.386
06:58:53 | INFO: Primitives created: 1
06:58:53 | INFO: Extracting primitive: Cube.387
06:58:53 | INFO: Primitives created: 1
06:58:53 | INFO: Extracting primitive: Cube.388
06:58:53 | INFO: Primitives created: 1
06:58:53 | INFO: Extracting primitive: Cube.389
06:58:53 | INFO: Primitives created: 1
06:58:53 | INFO: Extracting primitive: Cube.390
06:58:53 | INFO: Primitives created: 1
06:58:53 | INFO: Extracting primitive: Cube.391
06:58:53 | INFO: Primitives created: 1
06:58:53 | INFO: Extracting primitive: Cube.392
06:58:53 | INFO: Primitives created: 1
06:58:53 | INFO: Extracting primitive: Cube.393
06:58:53 | INFO: Primitives created: 1
06:58:53 | INFO: Extracting primitive: Cube.394
06:58:53 | INFO: Primitives created: 1
06:58:53 | INFO: Extracting primitive: Cylinder.144
06:58:53 | INFO: Primitives created: 1
06:58:53 | INFO: Extracting primitive: Cylinder.145
06:58:53 | INFO: Primitives created: 1
06:58:53 | INFO: Extracting primitive: Cube.395
06:58:53 | INFO: Primitives created: 1
06:58:53 | INFO: Extracting primitive: Cube.396
06:58:53 | INFO: Primitives created: 1
06:58:53 | INFO: Extracting primitive: Cube.397
06:58:53 | INFO: Primitives created: 1
06:58:53 | INFO: Extracting primitive: V3F_FULL_COVER_PRESS_W_CAST_CROWN__MESH
06:58:53 | INFO: Primitives created: 1
06:58:53 | INFO: Extracting primitive: Cube.398
06:58:53 | INFO: Primitives created: 1
06:58:53 | INFO: Extracting primitive: Cube.399
06:58:53 | INFO: Primitives created: 1
06:58:53 | INFO: Extracting primitive: Cube.400
06:58:53 | INFO: Primitives created: 1
06:58:53 | INFO: Extracting primitive: Cube.401
06:58:53 | INFO: Primitives created: 1
06:58:53 | INFO: Extracting primitive: Cube.402
06:58:53 | INFO: Primitives created: 1
06:58:53 | INFO: Extracting primitive: Cube.403
06:58:53 | INFO: Primitives created: 1
06:58:53 | INFO: Extracting primitive: Cube.404
06:58:53 | INFO: Primitives created: 1
06:58:53 | INFO: Extracting primitive: Cube.405
06:58:53 | INFO: Primitives created: 1
06:58:53 | INFO: Extracting primitive: Cube.406
06:58:53 | INFO: Primitives created: 1
06:58:53 | INFO: Extracting primitive: Cube.407
06:58:53 | INFO: Primitives created: 1
06:58:53 | INFO: Extracting primitive: Cylinder.146
06:58:53 | INFO: Primitives created: 1
06:58:53 | INFO: Extracting primitive: Cylinder.147
06:58:53 | INFO: Primitives created: 1
06:58:53 | INFO: Extracting primitive: Cube.408
06:58:53 | INFO: Primitives created: 1
06:58:53 | INFO: Extracting primitive: Cube.409
06:58:53 | INFO: Primitives created: 1
06:58:53 | INFO: Extracting primitive: Cube.410
06:58:53 | INFO: Primitives created: 1
06:58:53 | INFO: Extracting primitive: Cube.411
06:58:53 | INFO: Primitives created: 1
06:58:53 | INFO: Extracting primitive: Cylinder.148
06:58:53 | INFO: Primitives created: 1
06:58:53 | INFO: Extracting primitive: Cylinder.149
06:58:53 | INFO: Primitives created: 1
06:58:53 | INFO: Extracting primitive: Cube.412
06:58:53 | INFO: Primitives created: 1
06:58:53 | INFO: Extracting primitive: Cube.413
06:58:53 | INFO: Primitives created: 1
06:58:53 | INFO: Extracting primitive: Cube.414
06:58:53 | INFO: Primitives created: 1
06:58:53 | INFO: Extracting primitive: Cube.415
06:58:53 | INFO: Primitives created: 1
06:58:53 | INFO: Extracting primitive: Cylinder.150
06:58:53 | INFO: Primitives created: 1
06:58:53 | INFO: Extracting primitive: Cylinder.151
06:58:53 | INFO: Primitives created: 1
06:58:53 | INFO: Extracting primitive: Cube.416
06:58:53 | INFO: Primitives created: 1
06:58:53 | INFO: Extracting primitive: Cube.417
06:58:53 | INFO: Primitives created: 1
06:58:53 | INFO: Extracting primitive: Cube.418
06:58:53 | INFO: Primitives created: 1
06:58:53 | INFO: Extracting primitive: Cube.419
06:58:53 | INFO: Primitives created: 1
06:58:53 | INFO: Extracting primitive: Cylinder.152
06:58:53 | INFO: Primitives created: 1
06:58:53 | INFO: Extracting primitive: Cylinder.153
06:58:53 | INFO: Primitives created: 1
06:58:53 | INFO: Extracting primitive: Cube.420
06:58:53 | INFO: Primitives created: 1
06:58:53 | INFO: Extracting primitive: Cube.421
06:58:53 | INFO: Primitives created: 1
06:58:53 | INFO: Extracting primitive: Cube.422
06:58:53 | INFO: Primitives created: 1
06:58:53 | INFO: Extracting primitive: Cube.423
06:58:53 | INFO: Primitives created: 1
06:58:53 | INFO: Extracting primitive: Cylinder.154
06:58:53 | INFO: Primitives created: 1
06:58:53 | INFO: Extracting primitive: Cylinder.155
06:58:53 | INFO: Primitives created: 1
06:58:53 | INFO: Extracting primitive: Cylinder.156
06:58:53 | INFO: Primitives created: 1
06:58:53 | INFO: Extracting primitive: Cylinder.157
06:58:53 | INFO: Primitives created: 1
06:58:53 | INFO: Extracting primitive: Cylinder.158
06:58:53 | INFO: Primitives created: 1
06:58:53 | INFO: Extracting primitive: Cylinder.159
06:58:53 | INFO: Primitives created: 1
06:58:53 | INFO: Extracting primitive: Cylinder.160
06:58:53 | INFO: Primitives created: 1
06:58:53 | INFO: Extracting primitive: Cylinder.161
06:58:53 | INFO: Primitives created: 1
06:58:53 | INFO: Extracting primitive: Cylinder.162
06:58:53 | INFO: Primitives created: 1
06:58:53 | INFO: Extracting primitive: Cylinder.163
06:58:53 | INFO: Primitives created: 1
06:58:53 | INFO: Extracting primitive: Cylinder.164
06:58:53 | INFO: Primitives created: 1
06:58:53 | INFO: Extracting primitive: Cylinder.165
06:58:53 | INFO: Primitives created: 1
06:58:53 | INFO: Extracting primitive: Cylinder.166
06:58:53 | INFO: Primitives created: 1
06:58:53 | INFO: Extracting primitive: Cube.424
06:58:53 | INFO: Primitives created: 1
06:58:53 | INFO: Extracting primitive: Cylinder.167
06:58:53 | INFO: Primitives created: 1
06:58:53 | INFO: Extracting primitive: Cylinder.168
06:58:53 | INFO: Primitives created: 1
06:58:53 | INFO: Extracting primitive: Cube.425
06:58:53 | INFO: Primitives created: 1
06:58:53 | INFO: Extracting primitive: Cylinder.169
06:58:53 | INFO: Primitives created: 1
06:58:53 | INFO: Extracting primitive: Cylinder.170
06:58:53 | INFO: Primitives created: 1
06:58:53 | INFO: Extracting primitive: Cube.426
06:58:53 | INFO: Primitives created: 1
06:58:53 | INFO: Extracting primitive: Cylinder.171
06:58:53 | INFO: Primitives created: 1
06:58:53 | INFO: Extracting primitive: Cylinder.172
06:58:53 | INFO: Primitives created: 1
06:58:53 | INFO: Extracting primitive: Cube.427
06:58:53 | INFO: Primitives created: 1
06:58:53 | INFO: Extracting primitive: Cylinder.173
06:58:53 | INFO: Primitives created: 1
06:58:53 | INFO: Extracting primitive: Cylinder.174
06:58:53 | INFO: Primitives created: 1
06:58:53 | INFO: Extracting primitive: Cube.428
06:58:53 | INFO: Primitives created: 1
06:58:53 | INFO: Extracting primitive: Cylinder.175
06:58:53 | INFO: Primitives created: 1
06:58:53 | INFO: Extracting primitive: Cylinder.176
06:58:53 | INFO: Primitives created: 1
06:58:53 | INFO: Extracting primitive: V3F_SOUTH_TENSION_SYSTEM_DRIVE_GUARD__MESH
06:58:53 | INFO: Primitives created: 1
06:58:53 | INFO: Extracting primitive: Cylinder.177
06:58:53 | INFO: Primitives created: 1
06:58:53 | INFO: Extracting primitive: Cylinder.178
06:58:53 | INFO: Primitives created: 1
06:58:53 | INFO: Extracting primitive: Cylinder.179
06:58:53 | INFO: Primitives created: 1
06:58:53 | INFO: Extracting primitive: Cylinder.180
06:58:53 | INFO: Primitives created: 1
06:58:53 | INFO: Extracting primitive: Cylinder.181
06:58:53 | INFO: Primitives created: 1
06:58:53 | INFO: Extracting primitive: Cylinder.182
06:58:53 | INFO: Primitives created: 1
06:58:53 | INFO: Extracting primitive: Cylinder.183
06:58:53 | INFO: Primitives created: 1
06:58:53 | INFO: Extracting primitive: Cube.429
06:58:53 | INFO: Primitives created: 1
06:58:53 | INFO: Extracting primitive: Cube.430
06:58:53 | INFO: Primitives created: 1
06:58:53 | INFO: Extracting primitive: Cube.431
06:58:53 | INFO: Primitives created: 1
06:58:53 | INFO: Extracting primitive: Cube.432
06:58:53 | INFO: Primitives created: 1
06:58:53 | INFO: Extracting primitive: Cube.433
06:58:53 | INFO: Primitives created: 1
06:58:53 | INFO: Extracting primitive: Cube.434
06:58:53 | INFO: Primitives created: 1
06:58:53 | INFO: Extracting primitive: Cube.435
06:58:53 | INFO: Primitives created: 1
06:58:53 | INFO: Extracting primitive: Cube.436
06:58:53 | INFO: Primitives created: 1
06:58:53 | INFO: Extracting primitive: Cube.437
06:58:53 | INFO: Primitives created: 1
06:58:53 | INFO: Extracting primitive: Cylinder.184
06:58:53 | INFO: Primitives created: 1
06:58:53 | INFO: Extracting primitive: Cube.438
06:58:53 | INFO: Primitives created: 1
06:58:53 | INFO: Extracting primitive: Cylinder.185
06:58:53 | INFO: Primitives created: 1
06:58:53 | INFO: Extracting primitive: Cylinder.186
06:58:53 | INFO: Primitives created: 1
06:58:53 | INFO: Extracting primitive: Cylinder.187
06:58:53 | INFO: Primitives created: 1
06:58:53 | INFO: Extracting primitive: Cylinder.188
06:58:53 | INFO: Primitives created: 1
06:58:53 | INFO: Extracting primitive: Cylinder.189
06:58:53 | INFO: Primitives created: 1
06:58:53 | INFO: Extracting primitive: Cylinder.190
06:58:53 | INFO: Primitives created: 1
06:58:53 | INFO: Extracting primitive: Cylinder.191
06:58:53 | INFO: Primitives created: 1
06:58:53 | INFO: Extracting primitive: Cylinder.192
06:58:53 | INFO: Primitives created: 1
06:58:53 | INFO: Extracting primitive: Cube.439
06:58:53 | INFO: Primitives created: 1
06:58:54 | INFO: Finished glTF 2.0 export in 0.6831386089324951 s

Warning: No mesh data to join
Warning: No mesh data to join
Warning: No mesh data to join
Warning: No mesh data to join
Warning: No mesh data to join
Info: Saved as "inkfall_foundry_press_hall_readability_v3_2.optimized-export.blend"
06:58:54 | INFO: Starting glTF 2.0 export
06:58:54 | INFO: Extracting primitive: Cube
06:58:54 | INFO: Primitives created: 1
06:58:54 | INFO: Extracting primitive: Cube.001
06:58:54 | INFO: Primitives created: 1
06:58:54 | INFO: Extracting primitive: Cube.003
06:58:54 | INFO: Primitives created: 1
06:58:54 | INFO: Extracting primitive: Cube.004
06:58:54 | INFO: Primitives created: 1
06:58:54 | INFO: Extracting primitive: Cube.005
06:58:54 | INFO: Primitives created: 1
06:58:54 | INFO: Extracting primitive: Cube.011
06:58:54 | INFO: Primitives created: 1
06:58:54 | INFO: Extracting primitive: Cube.021
06:58:54 | INFO: Primitives created: 1
06:58:54 | INFO: Extracting primitive: Cube.032
06:58:54 | INFO: Primitives created: 1
06:58:54 | INFO: Extracting primitive: Cube.049
06:58:54 | INFO: Primitives created: 1
06:58:54 | INFO: Extracting primitive: Cube.069
06:58:54 | INFO: Primitives created: 1
06:58:54 | INFO: Extracting primitive: Cube.070
06:58:54 | INFO: Primitives created: 1
06:58:54 | INFO: Extracting primitive: PH_ROUTE_CHEVRON_00__MESH
06:58:54 | INFO: Primitives created: 1
06:58:54 | INFO: Extracting primitive: PH_ROUTE_CHEVRON_01__MESH
06:58:54 | INFO: Primitives created: 1
06:58:54 | INFO: Extracting primitive: PH_ROUTE_CHEVRON_02__MESH
06:58:54 | INFO: Primitives created: 1
06:58:54 | INFO: Extracting primitive: PH_ROUTE_CHEVRON_03__MESH
06:58:54 | INFO: Primitives created: 1
06:58:54 | INFO: Extracting primitive: Cube.142
06:58:54 | INFO: Primitives created: 1
06:58:54 | INFO: Extracting primitive: Cube.150
06:58:54 | INFO: Primitives created: 1
06:58:54 | INFO: Extracting primitive: Cube.156
06:58:54 | INFO: Primitives created: 1
06:58:54 | INFO: Extracting primitive: Cube.157
06:58:54 | INFO: Primitives created: 1
06:58:54 | INFO: Extracting primitive: Cube.158
06:58:54 | INFO: Primitives created: 1
06:58:54 | INFO: Extracting primitive: Cube.181
06:58:54 | INFO: Primitives created: 1
06:58:54 | INFO: Extracting primitive: Cube.260
06:58:54 | INFO: Primitives created: 1
06:58:54 | INFO: Extracting primitive: Cylinder.050
06:58:54 | INFO: Primitives created: 1
06:58:54 | INFO: Extracting primitive: Torus.014
06:58:54 | INFO: Primitives created: 1
06:58:54 | INFO: Extracting primitive: Cylinder.101
06:58:54 | INFO: Primitives created: 1
06:58:54 | INFO: Extracting primitive: Cube.205
06:58:54 | INFO: Primitives created: 1
06:58:54 | INFO: Extracting primitive: Cylinder.148
06:58:54 | INFO: Primitives created: 1
06:58:54 | INFO: Extracting primitive: Cylinder.176
06:58:54 | INFO: Primitives created: 1
06:58:54 | INFO: Extracting primitive: Cylinder.188
06:58:54 | INFO: Primitives created: 1
06:58:54 | INFO: Finished glTF 2.0 export in 0.17314815521240234 s
00:09.110  blend            | Read blend: "C:\AI Projects\Projects\Games\evio\evio-repo\assets\source\maps\inkfall-foundry\art-kit\press-hall-final-art-v3\readability-v3-2\source\inkfall_foundry_press_hall_readability_v3_2.blend"

PRESS_HALL_V3_2_READABILITY={"manifest": "C:\\AI Projects\\Projects\\Games\\evio\\evio-repo\\assets\\source\\maps\\inkfall-foundry\\art-kit\\press-hall-final-art-v3\\readability-v3-2\\manifest.press-hall-readability-v3-2.json", "optimizedPrimitives": 29, "report": "C:\\AI Projects\\Projects\\Games\\evio\\evio-repo\\assets\\source\\maps\\inkfall-foundry\\art-kit\\press-hall-final-art-v3\\readability-v3-2\\validation\\press-hall-readability-v3-2-build-report.json", "status": "BOUNDED_PRESS_HALL_V3_2_READABILITY_BUILD_PASS", "visualDecision": "PENDING_PARENT_FINAL_REVIEW"}
Blender 5.1.2 (hash ec6e62d40fa9 built 2026-05-19 01:37:34)

Blender quit
