Expanded G3 profile matrix-rtt-0...
Expanded G3 profile matrix-rtt-50...
Expanded G3 profile matrix-rtt-100...
Expanded G3 profile matrix-rtt-200...
Expanded G3 profile matrix-rtt-350...
Expanded G3 profile matrix-jitter-15...
Expanded G3 profile matrix-jitter-50...
Expanded G3 profile matrix-loss-1...
Expanded G3 profile matrix-loss-3...
Expanded G3 profile matrix-loss-8...
Expanded G3 profile matrix-duplicate-1...
Expanded G3 profile matrix-duplicate-5...
Expanded G3 profile matrix-targeted-reorder...
Expanded G3 profile matrix-outage-recovery...
Expanded G3 render-rate sweep...
Expanded G3 lifecycle sweep...
node:internal/modules/run_main:107
    triggerUncaughtException(
    ^

page.evaluate: TypeError: Failed to fetch
    at eval (eval at evaluate (:303:30), <anonymous>:30:36)
    at UtilityScript.evaluate (<anonymous>:305:16)
    at UtilityScript.<anonymous> (<anonymous>:1:44)
    at captureLifecycle (C:\AI Projects\Projects\Games\evio\evio-repo\tools\evidence\capture-phase4-g3-expanded.mjs:672:31)
    at async main (C:\AI Projects\Projects\Games\evio\evio-repo\tools\evidence\capture-phase4-g3-expanded.mjs:1421:23)
    at async file:///C:/AI%20Projects/Projects/Games/evio/evio-repo/tools/evidence/capture-phase4-g3-expanded.mjs:1568:1 {
  log: []
}

Node.js v24.14.0
